No valid image found: /home/UNT/cl1179/code/RULE/data/ICEWS/icews_wiki/images/pic_ent_ids_1/3763
No valid image found: /home/UNT/cl1179/code/RULE/data/ICEWS/icews_wiki/images/pic_ent_ids_2/11053
No valid image found: /home/UNT/cl1179/code/RULE/data/ICEWS/icews_wiki/images/pic_ent_ids_2/11108
No valid image found: /home/UNT/cl1179/code/RULE/data/ICEWS/icews_wiki/images/pic_ent_ids_2/11295
No valid image found: /home/UNT/cl1179/code/RULE/data/ICEWS/icews_wiki/images/pic_ent_ids_2/11301
No valid image found: /home/UNT/cl1179/code/RULE/data/ICEWS/icews_wiki/images/pic_ent_ids_2/11344
No valid image found: /home/UNT/cl1179/code/RULE/data/ICEWS/icews_wiki/images/pic_ent_ids_2/11444
No valid image found: /home/UNT/cl1179/code/RULE/data/ICEWS/icews_wiki/images/pic_ent_ids_2/11472
No valid image found: /home/UNT/cl1179/code/RULE/data/ICEWS/icews_wiki/images/pic_ent_ids_2/11503
No valid image found: /home/UNT/cl1179/code/RULE/data/ICEWS/icews_wiki/images/pic_ent_ids_2/11536
No valid image found: /home/UNT/cl1179/code/RULE/data/ICEWS/icews_wiki/images/pic_ent_ids_2/11617
No valid image found: /home/UNT/cl1179/code/RULE/data/ICEWS/icews_wiki/images/pic_ent_ids_2/11679
No valid image found: /home/UNT/cl1179/code/RULE/data/ICEWS/icews_wiki/images/pic_ent_ids_2/11706
No valid image found: /home/UNT/cl1179/code/RULE/data/ICEWS/icews_wiki/images/pic_ent_ids_2/11736
No valid image found: /home/UNT/cl1179/code/RULE/data/ICEWS/icews_wiki/images/pic_ent_ids_2/11738
No valid image found: /home/UNT/cl1179/code/RULE/data/ICEWS/icews_wiki/images/pic_ent_ids_2/11757
No valid image found: /home/UNT/cl1179/code/RULE/data/ICEWS/icews_wiki/images/pic_ent_ids_2/11779
No valid image found: /home/UNT/cl1179/code/RULE/data/ICEWS/icews_wiki/images/pic_ent_ids_2/11802
No valid image found: /home/UNT/cl1179/code/RULE/data/ICEWS/icews_wiki/images/pic_ent_ids_2/11853
No valid image found: /home/UNT/cl1179/code/RULE/data/ICEWS/icews_wiki/images/pic_ent_ids_2/11855
No valid image found: /home/UNT/cl1179/code/RULE/data/ICEWS/icews_wiki/images/pic_ent_ids_2/11872
No valid image found: /home/UNT/cl1179/code/RULE/data/ICEWS/icews_wiki/images/pic_ent_ids_2/11882
No valid image found: /home/UNT/cl1179/code/RULE/data/ICEWS/icews_wiki/images/pic_ent_ids_2/11884
No valid image found: /home/UNT/cl1179/code/RULE/data/ICEWS/icews_wiki/images/pic_ent_ids_2/11959
No valid image found: /home/UNT/cl1179/code/RULE/data/ICEWS/icews_wiki/images/pic_ent_ids_2/12068
No valid image found: /home/UNT/cl1179/code/RULE/data/ICEWS/icews_wiki/images/pic_ent_ids_2/12093
No valid image found: /home/UNT/cl1179/code/RULE/data/ICEWS/icews_wiki/images/pic_ent_ids_2/12146
No valid image found: /home/UNT/cl1179/code/RULE/data/ICEWS/icews_wiki/images/pic_ent_ids_2/12217
No valid image found: /home/UNT/cl1179/code/RULE/data/ICEWS/icews_wiki/images/pic_ent_ids_2/12255
No valid image found: /home/UNT/cl1179/code/RULE/data/ICEWS/icews_wiki/images/pic_ent_ids_2/12280
No valid image found: /home/UNT/cl1179/code/RULE/data/ICEWS/icews_wiki/images/pic_ent_ids_2/12299
No valid image found: /home/UNT/cl1179/code/RULE/data/ICEWS/icews_wiki/images/pic_ent_ids_2/12373
No valid image found: /home/UNT/cl1179/code/RULE/data/ICEWS/icews_wiki/images/pic_ent_ids_2/12436
No valid image found: /home/UNT/cl1179/code/RULE/data/ICEWS/icews_wiki/images/pic_ent_ids_2/12439
No valid image found: /home/UNT/cl1179/code/RULE/data/ICEWS/icews_wiki/images/pic_ent_ids_2/12538
No valid image found: /home/UNT/cl1179/code/RULE/data/ICEWS/icews_wiki/images/pic_ent_ids_2/12555
No valid image found: /home/UNT/cl1179/code/RULE/data/ICEWS/icews_wiki/images/pic_ent_ids_2/12558
No valid image found: /home/UNT/cl1179/code/RULE/data/ICEWS/icews_wiki/images/pic_ent_ids_2/12572
No valid image found: /home/UNT/cl1179/code/RULE/data/ICEWS/icews_wiki/images/pic_ent_ids_2/12575
No valid image found: /home/UNT/cl1179/code/RULE/data/ICEWS/icews_wiki/images/pic_ent_ids_2/12607
No valid image found: /home/UNT/cl1179/code/RULE/data/ICEWS/icews_wiki/images/pic_ent_ids_2/12647
No valid image found: /home/UNT/cl1179/code/RULE/data/ICEWS/icews_wiki/images/pic_ent_ids_2/12690
No valid image found: /home/UNT/cl1179/code/RULE/data/ICEWS/icews_wiki/images/pic_ent_ids_2/12789
No valid image found: /home/UNT/cl1179/code/RULE/data/ICEWS/icews_wiki/images/pic_ent_ids_2/12888
No valid image found: /home/UNT/cl1179/code/RULE/data/ICEWS/icews_wiki/images/pic_ent_ids_2/12899
No valid image found: /home/UNT/cl1179/code/RULE/data/ICEWS/icews_wiki/images/pic_ent_ids_2/12943
No valid image found: /home/UNT/cl1179/code/RULE/data/ICEWS/icews_wiki/images/pic_ent_ids_2/12984
No valid image found: /home/UNT/cl1179/code/RULE/data/ICEWS/icews_wiki/images/pic_ent_ids_2/13052
No valid image found: /home/UNT/cl1179/code/RULE/data/ICEWS/icews_wiki/images/pic_ent_ids_2/13073
No valid image found: /home/UNT/cl1179/code/RULE/data/ICEWS/icews_wiki/images/pic_ent_ids_2/13086
No valid image found: /home/UNT/cl1179/code/RULE/data/ICEWS/icews_wiki/images/pic_ent_ids_2/13111
No valid image found: /home/UNT/cl1179/code/RULE/data/ICEWS/icews_wiki/images/pic_ent_ids_2/13118
No valid image found: /home/UNT/cl1179/code/RULE/data/ICEWS/icews_wiki/images/pic_ent_ids_2/13152
No valid image found: /home/UNT/cl1179/code/RULE/data/ICEWS/icews_wiki/images/pic_ent_ids_2/13201
No valid image found: /home/UNT/cl1179/code/RULE/data/ICEWS/icews_wiki/images/pic_ent_ids_2/13222
No valid image found: /home/UNT/cl1179/code/RULE/data/ICEWS/icews_wiki/images/pic_ent_ids_2/13242
No valid image found: /home/UNT/cl1179/code/RULE/data/ICEWS/icews_wiki/images/pic_ent_ids_2/13331
No valid image found: /home/UNT/cl1179/code/RULE/data/ICEWS/icews_wiki/images/pic_ent_ids_2/13461
No valid image found: /home/UNT/cl1179/code/RULE/data/ICEWS/icews_wiki/images/pic_ent_ids_2/13511
No valid image found: /home/UNT/cl1179/code/RULE/data/ICEWS/icews_wiki/images/pic_ent_ids_2/13534
No valid image found: /home/UNT/cl1179/code/RULE/data/ICEWS/icews_wiki/images/pic_ent_ids_2/13644
No valid image found: /home/UNT/cl1179/code/RULE/data/ICEWS/icews_wiki/images/pic_ent_ids_2/13656
No valid image found: /home/UNT/cl1179/code/RULE/data/ICEWS/icews_wiki/images/pic_ent_ids_2/13695
No valid image found: /home/UNT/cl1179/code/RULE/data/ICEWS/icews_wiki/images/pic_ent_ids_2/13773
No valid image found: /home/UNT/cl1179/code/RULE/data/ICEWS/icews_wiki/images/pic_ent_ids_2/13839
No valid image found: /home/UNT/cl1179/code/RULE/data/ICEWS/icews_wiki/images/pic_ent_ids_2/13847
No valid image found: /home/UNT/cl1179/code/RULE/data/ICEWS/icews_wiki/images/pic_ent_ids_2/13873
No valid image found: /home/UNT/cl1179/code/RULE/data/ICEWS/icews_wiki/images/pic_ent_ids_2/13883
No valid image found: /home/UNT/cl1179/code/RULE/data/ICEWS/icews_wiki/images/pic_ent_ids_2/13887
No valid image found: /home/UNT/cl1179/code/RULE/data/ICEWS/icews_wiki/images/pic_ent_ids_2/13935
No valid image found: /home/UNT/cl1179/code/RULE/data/ICEWS/icews_wiki/images/pic_ent_ids_2/13986
No valid image found: /home/UNT/cl1179/code/RULE/data/ICEWS/icews_wiki/images/pic_ent_ids_2/13992
No valid image found: /home/UNT/cl1179/code/RULE/data/ICEWS/icews_wiki/images/pic_ent_ids_2/13996
No valid image found: /home/UNT/cl1179/code/RULE/data/ICEWS/icews_wiki/images/pic_ent_ids_2/14021
No valid image found: /home/UNT/cl1179/code/RULE/data/ICEWS/icews_wiki/images/pic_ent_ids_2/14042
No valid image found: /home/UNT/cl1179/code/RULE/data/ICEWS/icews_wiki/images/pic_ent_ids_2/14097
No valid image found: /home/UNT/cl1179/code/RULE/data/ICEWS/icews_wiki/images/pic_ent_ids_2/14128
No valid image found: /home/UNT/cl1179/code/RULE/data/ICEWS/icews_wiki/images/pic_ent_ids_2/14168
No valid image found: /home/UNT/cl1179/code/RULE/data/ICEWS/icews_wiki/images/pic_ent_ids_2/14203
No valid image found: /home/UNT/cl1179/code/RULE/data/ICEWS/icews_wiki/images/pic_ent_ids_2/14333
No valid image found: /home/UNT/cl1179/code/RULE/data/ICEWS/icews_wiki/images/pic_ent_ids_2/14362
No valid image found: /home/UNT/cl1179/code/RULE/data/ICEWS/icews_wiki/images/pic_ent_ids_2/14363
No valid image found: /home/UNT/cl1179/code/RULE/data/ICEWS/icews_wiki/images/pic_ent_ids_2/14365
No valid image found: /home/UNT/cl1179/code/RULE/data/ICEWS/icews_wiki/images/pic_ent_ids_2/14367
No valid image found: /home/UNT/cl1179/code/RULE/data/ICEWS/icews_wiki/images/pic_ent_ids_2/14369
No valid image found: /home/UNT/cl1179/code/RULE/data/ICEWS/icews_wiki/images/pic_ent_ids_2/14414
No valid image found: /home/UNT/cl1179/code/RULE/data/ICEWS/icews_wiki/images/pic_ent_ids_2/14454
No valid image found: /home/UNT/cl1179/code/RULE/data/ICEWS/icews_wiki/images/pic_ent_ids_2/14480
No valid image found: /home/UNT/cl1179/code/RULE/data/ICEWS/icews_wiki/images/pic_ent_ids_2/14546
No valid image found: /home/UNT/cl1179/code/RULE/data/ICEWS/icews_wiki/images/pic_ent_ids_2/14629
No valid image found: /home/UNT/cl1179/code/RULE/data/ICEWS/icews_wiki/images/pic_ent_ids_2/14633
No valid image found: /home/UNT/cl1179/code/RULE/data/ICEWS/icews_wiki/images/pic_ent_ids_2/14728
No valid image found: /home/UNT/cl1179/code/RULE/data/ICEWS/icews_wiki/images/pic_ent_ids_2/14774
No valid image found: /home/UNT/cl1179/code/RULE/data/ICEWS/icews_wiki/images/pic_ent_ids_2/14775
No valid image found: /home/UNT/cl1179/code/RULE/data/ICEWS/icews_wiki/images/pic_ent_ids_2/14821
No valid image found: /home/UNT/cl1179/code/RULE/data/ICEWS/icews_wiki/images/pic_ent_ids_2/14918
No valid image found: /home/UNT/cl1179/code/RULE/data/ICEWS/icews_wiki/images/pic_ent_ids_2/14950
No valid image found: /home/UNT/cl1179/code/RULE/data/ICEWS/icews_wiki/images/pic_ent_ids_2/15081
No valid image found: /home/UNT/cl1179/code/RULE/data/ICEWS/icews_wiki/images/pic_ent_ids_2/15104
No valid image found: /home/UNT/cl1179/code/RULE/data/ICEWS/icews_wiki/images/pic_ent_ids_2/15173
No valid image found: /home/UNT/cl1179/code/RULE/data/ICEWS/icews_wiki/images/pic_ent_ids_2/15204
No valid image found: /home/UNT/cl1179/code/RULE/data/ICEWS/icews_wiki/images/pic_ent_ids_2/15212
No valid image found: /home/UNT/cl1179/code/RULE/data/ICEWS/icews_wiki/images/pic_ent_ids_2/15230
No valid image found: /home/UNT/cl1179/code/RULE/data/ICEWS/icews_wiki/images/pic_ent_ids_2/15234
No valid image found: /home/UNT/cl1179/code/RULE/data/ICEWS/icews_wiki/images/pic_ent_ids_2/15272
No valid image found: /home/UNT/cl1179/code/RULE/data/ICEWS/icews_wiki/images/pic_ent_ids_2/15288
No valid image found: /home/UNT/cl1179/code/RULE/data/ICEWS/icews_wiki/images/pic_ent_ids_2/15409
No valid image found: /home/UNT/cl1179/code/RULE/data/ICEWS/icews_wiki/images/pic_ent_ids_2/15417
No valid image found: /home/UNT/cl1179/code/RULE/data/ICEWS/icews_wiki/images/pic_ent_ids_2/15443
No valid image found: /home/UNT/cl1179/code/RULE/data/ICEWS/icews_wiki/images/pic_ent_ids_2/15449
No valid image found: /home/UNT/cl1179/code/RULE/data/ICEWS/icews_wiki/images/pic_ent_ids_2/15499
No valid image found: /home/UNT/cl1179/code/RULE/data/ICEWS/icews_wiki/images/pic_ent_ids_2/15542
No valid image found: /home/UNT/cl1179/code/RULE/data/ICEWS/icews_wiki/images/pic_ent_ids_2/15567
No valid image found: /home/UNT/cl1179/code/RULE/data/ICEWS/icews_wiki/images/pic_ent_ids_2/15586
No valid image found: /home/UNT/cl1179/code/RULE/data/ICEWS/icews_wiki/images/pic_ent_ids_2/15610
No valid image found: /home/UNT/cl1179/code/RULE/data/ICEWS/icews_wiki/images/pic_ent_ids_2/15623
No valid image found: /home/UNT/cl1179/code/RULE/data/ICEWS/icews_wiki/images/pic_ent_ids_2/15664
No valid image found: /home/UNT/cl1179/code/RULE/data/ICEWS/icews_wiki/images/pic_ent_ids_2/15666
No valid image found: /home/UNT/cl1179/code/RULE/data/ICEWS/icews_wiki/images/pic_ent_ids_2/15669
No valid image found: /home/UNT/cl1179/code/RULE/data/ICEWS/icews_wiki/images/pic_ent_ids_2/15695
No valid image found: /home/UNT/cl1179/code/RULE/data/ICEWS/icews_wiki/images/pic_ent_ids_2/15707
No valid image found: /home/UNT/cl1179/code/RULE/data/ICEWS/icews_wiki/images/pic_ent_ids_2/15727
No valid image found: /home/UNT/cl1179/code/RULE/data/ICEWS/icews_wiki/images/pic_ent_ids_2/15807
No valid image found: /home/UNT/cl1179/code/RULE/data/ICEWS/icews_wiki/images/pic_ent_ids_2/15839
No valid image found: /home/UNT/cl1179/code/RULE/data/ICEWS/icews_wiki/images/pic_ent_ids_2/15854
No valid image found: /home/UNT/cl1179/code/RULE/data/ICEWS/icews_wiki/images/pic_ent_ids_2/15879
No valid image found: /home/UNT/cl1179/code/RULE/data/ICEWS/icews_wiki/images/pic_ent_ids_2/16050
No valid image found: /home/UNT/cl1179/code/RULE/data/ICEWS/icews_wiki/images/pic_ent_ids_2/16122
No valid image found: /home/UNT/cl1179/code/RULE/data/ICEWS/icews_wiki/images/pic_ent_ids_2/16159
No valid image found: /home/UNT/cl1179/code/RULE/data/ICEWS/icews_wiki/images/pic_ent_ids_2/16182
No valid image found: /home/UNT/cl1179/code/RULE/data/ICEWS/icews_wiki/images/pic_ent_ids_2/16217
No valid image found: /home/UNT/cl1179/code/RULE/data/ICEWS/icews_wiki/images/pic_ent_ids_2/16273
No valid image found: /home/UNT/cl1179/code/RULE/data/ICEWS/icews_wiki/images/pic_ent_ids_2/16303
No valid image found: /home/UNT/cl1179/code/RULE/data/ICEWS/icews_wiki/images/pic_ent_ids_2/16403
No valid image found: /home/UNT/cl1179/code/RULE/data/ICEWS/icews_wiki/images/pic_ent_ids_2/16410
No valid image found: /home/UNT/cl1179/code/RULE/data/ICEWS/icews_wiki/images/pic_ent_ids_2/16431
No valid image found: /home/UNT/cl1179/code/RULE/data/ICEWS/icews_wiki/images/pic_ent_ids_2/16448
No valid image found: /home/UNT/cl1179/code/RULE/data/ICEWS/icews_wiki/images/pic_ent_ids_2/16485
No valid image found: /home/UNT/cl1179/code/RULE/data/ICEWS/icews_wiki/images/pic_ent_ids_2/16486
No valid image found: /home/UNT/cl1179/code/RULE/data/ICEWS/icews_wiki/images/pic_ent_ids_2/16489
No valid image found: /home/UNT/cl1179/code/RULE/data/ICEWS/icews_wiki/images/pic_ent_ids_2/16533
No valid image found: /home/UNT/cl1179/code/RULE/data/ICEWS/icews_wiki/images/pic_ent_ids_2/16538
No valid image found: /home/UNT/cl1179/code/RULE/data/ICEWS/icews_wiki/images/pic_ent_ids_2/16557
No valid image found: /home/UNT/cl1179/code/RULE/data/ICEWS/icews_wiki/images/pic_ent_ids_2/16635
No valid image found: /home/UNT/cl1179/code/RULE/data/ICEWS/icews_wiki/images/pic_ent_ids_2/16641
No valid image found: /home/UNT/cl1179/code/RULE/data/ICEWS/icews_wiki/images/pic_ent_ids_2/16657
No valid image found: /home/UNT/cl1179/code/RULE/data/ICEWS/icews_wiki/images/pic_ent_ids_2/16682
No valid image found: /home/UNT/cl1179/code/RULE/data/ICEWS/icews_wiki/images/pic_ent_ids_2/16689
No valid image found: /home/UNT/cl1179/code/RULE/data/ICEWS/icews_wiki/images/pic_ent_ids_2/16735
No valid image found: /home/UNT/cl1179/code/RULE/data/ICEWS/icews_wiki/images/pic_ent_ids_2/16809
No valid image found: /home/UNT/cl1179/code/RULE/data/ICEWS/icews_wiki/images/pic_ent_ids_2/16928
No valid image found: /home/UNT/cl1179/code/RULE/data/ICEWS/icews_wiki/images/pic_ent_ids_2/17059
No valid image found: /home/UNT/cl1179/code/RULE/data/ICEWS/icews_wiki/images/pic_ent_ids_2/17095
No valid image found: /home/UNT/cl1179/code/RULE/data/ICEWS/icews_wiki/images/pic_ent_ids_2/17111
No valid image found: /home/UNT/cl1179/code/RULE/data/ICEWS/icews_wiki/images/pic_ent_ids_2/17128
No valid image found: /home/UNT/cl1179/code/RULE/data/ICEWS/icews_wiki/images/pic_ent_ids_2/17144
No valid image found: /home/UNT/cl1179/code/RULE/data/ICEWS/icews_wiki/images/pic_ent_ids_2/17160
No valid image found: /home/UNT/cl1179/code/RULE/data/ICEWS/icews_wiki/images/pic_ent_ids_2/17218
No valid image found: /home/UNT/cl1179/code/RULE/data/ICEWS/icews_wiki/images/pic_ent_ids_2/17272
No valid image found: /home/UNT/cl1179/code/RULE/data/ICEWS/icews_wiki/images/pic_ent_ids_2/17372
No valid image found: /home/UNT/cl1179/code/RULE/data/ICEWS/icews_wiki/images/pic_ent_ids_2/17419
No valid image found: /home/UNT/cl1179/code/RULE/data/ICEWS/icews_wiki/images/pic_ent_ids_2/17423
No valid image found: /home/UNT/cl1179/code/RULE/data/ICEWS/icews_wiki/images/pic_ent_ids_2/17436
No valid image found: /home/UNT/cl1179/code/RULE/data/ICEWS/icews_wiki/images/pic_ent_ids_2/17456
No valid image found: /home/UNT/cl1179/code/RULE/data/ICEWS/icews_wiki/images/pic_ent_ids_2/17458
No valid image found: /home/UNT/cl1179/code/RULE/data/ICEWS/icews_wiki/images/pic_ent_ids_2/17491
No valid image found: /home/UNT/cl1179/code/RULE/data/ICEWS/icews_wiki/images/pic_ent_ids_2/17503
No valid image found: /home/UNT/cl1179/code/RULE/data/ICEWS/icews_wiki/images/pic_ent_ids_2/17553
No valid image found: /home/UNT/cl1179/code/RULE/data/ICEWS/icews_wiki/images/pic_ent_ids_2/17610
No valid image found: /home/UNT/cl1179/code/RULE/data/ICEWS/icews_wiki/images/pic_ent_ids_2/17667
No valid image found: /home/UNT/cl1179/code/RULE/data/ICEWS/icews_wiki/images/pic_ent_ids_2/17743
No valid image found: /home/UNT/cl1179/code/RULE/data/ICEWS/icews_wiki/images/pic_ent_ids_2/17933
No valid image found: /home/UNT/cl1179/code/RULE/data/ICEWS/icews_wiki/images/pic_ent_ids_2/17937
No valid image found: /home/UNT/cl1179/code/RULE/data/ICEWS/icews_wiki/images/pic_ent_ids_2/17942
No valid image found: /home/UNT/cl1179/code/RULE/data/ICEWS/icews_wiki/images/pic_ent_ids_2/17995
No valid image found: /home/UNT/cl1179/code/RULE/data/ICEWS/icews_wiki/images/pic_ent_ids_2/18068
No valid image found: /home/UNT/cl1179/code/RULE/data/ICEWS/icews_wiki/images/pic_ent_ids_2/18078
No valid image found: /home/UNT/cl1179/code/RULE/data/ICEWS/icews_wiki/images/pic_ent_ids_2/18128
No valid image found: /home/UNT/cl1179/code/RULE/data/ICEWS/icews_wiki/images/pic_ent_ids_2/18153
No valid image found: /home/UNT/cl1179/code/RULE/data/ICEWS/icews_wiki/images/pic_ent_ids_2/18222
No valid image found: /home/UNT/cl1179/code/RULE/data/ICEWS/icews_wiki/images/pic_ent_ids_2/18289
No valid image found: /home/UNT/cl1179/code/RULE/data/ICEWS/icews_wiki/images/pic_ent_ids_2/18311
No valid image found: /home/UNT/cl1179/code/RULE/data/ICEWS/icews_wiki/images/pic_ent_ids_2/18340
No valid image found: /home/UNT/cl1179/code/RULE/data/ICEWS/icews_wiki/images/pic_ent_ids_2/18352
No valid image found: /home/UNT/cl1179/code/RULE/data/ICEWS/icews_wiki/images/pic_ent_ids_2/18377
No valid image found: /home/UNT/cl1179/code/RULE/data/ICEWS/icews_wiki/images/pic_ent_ids_2/18388
No valid image found: /home/UNT/cl1179/code/RULE/data/ICEWS/icews_wiki/images/pic_ent_ids_2/18506
No valid image found: /home/UNT/cl1179/code/RULE/data/ICEWS/icews_wiki/images/pic_ent_ids_2/18615
No valid image found: /home/UNT/cl1179/code/RULE/data/ICEWS/icews_wiki/images/pic_ent_ids_2/18653
No valid image found: /home/UNT/cl1179/code/RULE/data/ICEWS/icews_wiki/images/pic_ent_ids_2/18811
No valid image found: /home/UNT/cl1179/code/RULE/data/ICEWS/icews_wiki/images/pic_ent_ids_2/18828
No valid image found: /home/UNT/cl1179/code/RULE/data/ICEWS/icews_wiki/images/pic_ent_ids_2/18954
No valid image found: /home/UNT/cl1179/code/RULE/data/ICEWS/icews_wiki/images/pic_ent_ids_2/18980
No valid image found: /home/UNT/cl1179/code/RULE/data/ICEWS/icews_wiki/images/pic_ent_ids_2/18989
No valid image found: /home/UNT/cl1179/code/RULE/data/ICEWS/icews_wiki/images/pic_ent_ids_2/19085
No valid image found: /home/UNT/cl1179/code/RULE/data/ICEWS/icews_wiki/images/pic_ent_ids_2/19088
No valid image found: /home/UNT/cl1179/code/RULE/data/ICEWS/icews_wiki/images/pic_ent_ids_2/19176
No valid image found: /home/UNT/cl1179/code/RULE/data/ICEWS/icews_wiki/images/pic_ent_ids_2/19177
No valid image found: /home/UNT/cl1179/code/RULE/data/ICEWS/icews_wiki/images/pic_ent_ids_2/19185
No valid image found: /home/UNT/cl1179/code/RULE/data/ICEWS/icews_wiki/images/pic_ent_ids_2/19266
No valid image found: /home/UNT/cl1179/code/RULE/data/ICEWS/icews_wiki/images/pic_ent_ids_2/19348
No valid image found: /home/UNT/cl1179/code/RULE/data/ICEWS/icews_wiki/images/pic_ent_ids_2/19443
No valid image found: /home/UNT/cl1179/code/RULE/data/ICEWS/icews_wiki/images/pic_ent_ids_2/19529
No valid image found: /home/UNT/cl1179/code/RULE/data/ICEWS/icews_wiki/images/pic_ent_ids_2/19539
No valid image found: /home/UNT/cl1179/code/RULE/data/ICEWS/icews_wiki/images/pic_ent_ids_2/19590
No valid image found: /home/UNT/cl1179/code/RULE/data/ICEWS/icews_wiki/images/pic_ent_ids_2/19653
No valid image found: /home/UNT/cl1179/code/RULE/data/ICEWS/icews_wiki/images/pic_ent_ids_2/19670
No valid image found: /home/UNT/cl1179/code/RULE/data/ICEWS/icews_wiki/images/pic_ent_ids_2/19717
No valid image found: /home/UNT/cl1179/code/RULE/data/ICEWS/icews_wiki/images/pic_ent_ids_2/19727
No valid image found: /home/UNT/cl1179/code/RULE/data/ICEWS/icews_wiki/images/pic_ent_ids_2/19777
No valid image found: /home/UNT/cl1179/code/RULE/data/ICEWS/icews_wiki/images/pic_ent_ids_2/19793
No valid image found: /home/UNT/cl1179/code/RULE/data/ICEWS/icews_wiki/images/pic_ent_ids_2/19868
No valid image found: /home/UNT/cl1179/code/RULE/data/ICEWS/icews_wiki/images/pic_ent_ids_2/19891
No valid image found: /home/UNT/cl1179/code/RULE/data/ICEWS/icews_wiki/images/pic_ent_ids_2/19936
No valid image found: /home/UNT/cl1179/code/RULE/data/ICEWS/icews_wiki/images/pic_ent_ids_2/19939
No valid image found: /home/UNT/cl1179/code/RULE/data/ICEWS/icews_wiki/images/pic_ent_ids_2/19980
No valid image found: /home/UNT/cl1179/code/RULE/data/ICEWS/icews_wiki/images/pic_ent_ids_2/19992
No valid image found: /home/UNT/cl1179/code/RULE/data/ICEWS/icews_wiki/images/pic_ent_ids_2/20014
No valid image found: /home/UNT/cl1179/code/RULE/data/ICEWS/icews_wiki/images/pic_ent_ids_2/20027
No valid image found: /home/UNT/cl1179/code/RULE/data/ICEWS/icews_wiki/images/pic_ent_ids_2/20066
No valid image found: /home/UNT/cl1179/code/RULE/data/ICEWS/icews_wiki/images/pic_ent_ids_2/20072
No valid image found: /home/UNT/cl1179/code/RULE/data/ICEWS/icews_wiki/images/pic_ent_ids_2/20159
No valid image found: /home/UNT/cl1179/code/RULE/data/ICEWS/icews_wiki/images/pic_ent_ids_2/20183
No valid image found: /home/UNT/cl1179/code/RULE/data/ICEWS/icews_wiki/images/pic_ent_ids_2/20212
No valid image found: /home/UNT/cl1179/code/RULE/data/ICEWS/icews_wiki/images/pic_ent_ids_2/20233
No valid image found: /home/UNT/cl1179/code/RULE/data/ICEWS/icews_wiki/images/pic_ent_ids_2/20250
No valid image found: /home/UNT/cl1179/code/RULE/data/ICEWS/icews_wiki/images/pic_ent_ids_2/20257
No valid image found: /home/UNT/cl1179/code/RULE/data/ICEWS/icews_wiki/images/pic_ent_ids_2/20265
No valid image found: /home/UNT/cl1179/code/RULE/data/ICEWS/icews_wiki/images/pic_ent_ids_2/20297
No valid image found: /home/UNT/cl1179/code/RULE/data/ICEWS/icews_wiki/images/pic_ent_ids_2/20357
No valid image found: /home/UNT/cl1179/code/RULE/data/ICEWS/icews_wiki/images/pic_ent_ids_2/20387
No valid image found: /home/UNT/cl1179/code/RULE/data/ICEWS/icews_wiki/images/pic_ent_ids_2/20429
No valid image found: /home/UNT/cl1179/code/RULE/data/ICEWS/icews_wiki/images/pic_ent_ids_2/20458
No valid image found: /home/UNT/cl1179/code/RULE/data/ICEWS/icews_wiki/images/pic_ent_ids_2/20513
No valid image found: /home/UNT/cl1179/code/RULE/data/ICEWS/icews_wiki/images/pic_ent_ids_2/20588
No valid image found: /home/UNT/cl1179/code/RULE/data/ICEWS/icews_wiki/images/pic_ent_ids_2/20601
No valid image found: /home/UNT/cl1179/code/RULE/data/ICEWS/icews_wiki/images/pic_ent_ids_2/20612
No valid image found: /home/UNT/cl1179/code/RULE/data/ICEWS/icews_wiki/images/pic_ent_ids_2/20628
No valid image found: /home/UNT/cl1179/code/RULE/data/ICEWS/icews_wiki/images/pic_ent_ids_2/20657
No valid image found: /home/UNT/cl1179/code/RULE/data/ICEWS/icews_wiki/images/pic_ent_ids_2/20675
No valid image found: /home/UNT/cl1179/code/RULE/data/ICEWS/icews_wiki/images/pic_ent_ids_2/20685
No valid image found: /home/UNT/cl1179/code/RULE/data/ICEWS/icews_wiki/images/pic_ent_ids_2/20726
No valid image found: /home/UNT/cl1179/code/RULE/data/ICEWS/icews_wiki/images/pic_ent_ids_2/20743
No valid image found: /home/UNT/cl1179/code/RULE/data/ICEWS/icews_wiki/images/pic_ent_ids_2/20775
No valid image found: /home/UNT/cl1179/code/RULE/data/ICEWS/icews_wiki/images/pic_ent_ids_2/20785
No valid image found: /home/UNT/cl1179/code/RULE/data/ICEWS/icews_wiki/images/pic_ent_ids_2/20798
No valid image found: /home/UNT/cl1179/code/RULE/data/ICEWS/icews_wiki/images/pic_ent_ids_2/20836
No valid image found: /home/UNT/cl1179/code/RULE/data/ICEWS/icews_wiki/images/pic_ent_ids_2/20841
No valid image found: /home/UNT/cl1179/code/RULE/data/ICEWS/icews_wiki/images/pic_ent_ids_2/20843
No valid image found: /home/UNT/cl1179/code/RULE/data/ICEWS/icews_wiki/images/pic_ent_ids_2/20847
No valid image found: /home/UNT/cl1179/code/RULE/data/ICEWS/icews_wiki/images/pic_ent_ids_2/20860
No valid image found: /home/UNT/cl1179/code/RULE/data/ICEWS/icews_wiki/images/pic_ent_ids_2/20877
No valid image found: /home/UNT/cl1179/code/RULE/data/ICEWS/icews_wiki/images/pic_ent_ids_2/20906
No valid image found: /home/UNT/cl1179/code/RULE/data/ICEWS/icews_wiki/images/pic_ent_ids_2/20959
No valid image found: /home/UNT/cl1179/code/RULE/data/ICEWS/icews_wiki/images/pic_ent_ids_2/20983
No valid image found: /home/UNT/cl1179/code/RULE/data/ICEWS/icews_wiki/images/pic_ent_ids_2/21023
No valid image found: /home/UNT/cl1179/code/RULE/data/ICEWS/icews_wiki/images/pic_ent_ids_2/21067
No valid image found: /home/UNT/cl1179/code/RULE/data/ICEWS/icews_wiki/images/pic_ent_ids_2/21100
No valid image found: /home/UNT/cl1179/code/RULE/data/ICEWS/icews_wiki/images/pic_ent_ids_2/21136
No valid image found: /home/UNT/cl1179/code/RULE/data/ICEWS/icews_wiki/images/pic_ent_ids_2/21149
No valid image found: /home/UNT/cl1179/code/RULE/data/ICEWS/icews_wiki/images/pic_ent_ids_2/21169
No valid image found: /home/UNT/cl1179/code/RULE/data/ICEWS/icews_wiki/images/pic_ent_ids_2/21171
No valid image found: /home/UNT/cl1179/code/RULE/data/ICEWS/icews_wiki/images/pic_ent_ids_2/21238
No valid image found: /home/UNT/cl1179/code/RULE/data/ICEWS/icews_wiki/images/pic_ent_ids_2/21278
No valid image found: /home/UNT/cl1179/code/RULE/data/ICEWS/icews_wiki/images/pic_ent_ids_2/21325
No valid image found: /home/UNT/cl1179/code/RULE/data/ICEWS/icews_wiki/images/pic_ent_ids_2/21340
No valid image found: /home/UNT/cl1179/code/RULE/data/ICEWS/icews_wiki/images/pic_ent_ids_2/21369
No valid image found: /home/UNT/cl1179/code/RULE/data/ICEWS/icews_wiki/images/pic_ent_ids_2/21388
No valid image found: /home/UNT/cl1179/code/RULE/data/ICEWS/icews_wiki/images/pic_ent_ids_2/21409
No valid image found: /home/UNT/cl1179/code/RULE/data/ICEWS/icews_wiki/images/pic_ent_ids_2/21412
No valid image found: /home/UNT/cl1179/code/RULE/data/ICEWS/icews_wiki/images/pic_ent_ids_2/21427
No valid image found: /home/UNT/cl1179/code/RULE/data/ICEWS/icews_wiki/images/pic_ent_ids_2/21464
No valid image found: /home/UNT/cl1179/code/RULE/data/ICEWS/icews_wiki/images/pic_ent_ids_2/21485
No valid image found: /home/UNT/cl1179/code/RULE/data/ICEWS/icews_wiki/images/pic_ent_ids_2/21561
No valid image found: /home/UNT/cl1179/code/RULE/data/ICEWS/icews_wiki/images/pic_ent_ids_2/21581
No valid image found: /home/UNT/cl1179/code/RULE/data/ICEWS/icews_wiki/images/pic_ent_ids_2/21594
No valid image found: /home/UNT/cl1179/code/RULE/data/ICEWS/icews_wiki/images/pic_ent_ids_2/21602
No valid image found: /home/UNT/cl1179/code/RULE/data/ICEWS/icews_wiki/images/pic_ent_ids_2/21643
No valid image found: /home/UNT/cl1179/code/RULE/data/ICEWS/icews_wiki/images/pic_ent_ids_2/21723
No valid image found: /home/UNT/cl1179/code/RULE/data/ICEWS/icews_wiki/images/pic_ent_ids_2/21818
No valid image found: /home/UNT/cl1179/code/RULE/data/ICEWS/icews_wiki/images/pic_ent_ids_2/21865
No valid image found: /home/UNT/cl1179/code/RULE/data/ICEWS/icews_wiki/images/pic_ent_ids_2/21884
No valid image found: /home/UNT/cl1179/code/RULE/data/ICEWS/icews_wiki/images/pic_ent_ids_2/22542
No valid image found: /home/UNT/cl1179/code/RULE/data/ICEWS/icews_wiki/images/pic_ent_ids_2/22775
No valid image found: /home/UNT/cl1179/code/RULE/data/ICEWS/icews_wiki/images/pic_ent_ids_2/22920
No valid image found: /home/UNT/cl1179/code/RULE/data/ICEWS/icews_wiki/images/pic_ent_ids_2/22981
No valid image found: /home/UNT/cl1179/code/RULE/data/ICEWS/icews_wiki/images/pic_ent_ids_2/23094
No valid image found: /home/UNT/cl1179/code/RULE/data/ICEWS/icews_wiki/images/pic_ent_ids_2/23122
No valid image found: /home/UNT/cl1179/code/RULE/data/ICEWS/icews_wiki/images/pic_ent_ids_2/23147
No valid image found: /home/UNT/cl1179/code/RULE/data/ICEWS/icews_wiki/images/pic_ent_ids_2/23239
No valid image found: /home/UNT/cl1179/code/RULE/data/ICEWS/icews_wiki/images/pic_ent_ids_2/23263
No valid image found: /home/UNT/cl1179/code/RULE/data/ICEWS/icews_wiki/images/pic_ent_ids_2/23273
No valid image found: /home/UNT/cl1179/code/RULE/data/ICEWS/icews_wiki/images/pic_ent_ids_2/23291
No valid image found: /home/UNT/cl1179/code/RULE/data/ICEWS/icews_wiki/images/pic_ent_ids_2/23354
No valid image found: /home/UNT/cl1179/code/RULE/data/ICEWS/icews_wiki/images/pic_ent_ids_2/23412
No valid image found: /home/UNT/cl1179/code/RULE/data/ICEWS/icews_wiki/images/pic_ent_ids_2/23417
No valid image found: /home/UNT/cl1179/code/RULE/data/ICEWS/icews_wiki/images/pic_ent_ids_2/23425
No valid image found: /home/UNT/cl1179/code/RULE/data/ICEWS/icews_wiki/images/pic_ent_ids_2/23495
No valid image found: /home/UNT/cl1179/code/RULE/data/ICEWS/icews_wiki/images/pic_ent_ids_2/23526
No valid image found: /home/UNT/cl1179/code/RULE/data/ICEWS/icews_wiki/images/pic_ent_ids_2/23554
No valid image found: /home/UNT/cl1179/code/RULE/data/ICEWS/icews_wiki/images/pic_ent_ids_2/23558
No valid image found: /home/UNT/cl1179/code/RULE/data/ICEWS/icews_wiki/images/pic_ent_ids_2/23685
No valid image found: /home/UNT/cl1179/code/RULE/data/ICEWS/icews_wiki/images/pic_ent_ids_2/23698
No valid image found: /home/UNT/cl1179/code/RULE/data/ICEWS/icews_wiki/images/pic_ent_ids_2/23705
No valid image found: /home/UNT/cl1179/code/RULE/data/ICEWS/icews_wiki/images/pic_ent_ids_2/23890
No valid image found: /home/UNT/cl1179/code/RULE/data/ICEWS/icews_wiki/images/pic_ent_ids_2/23928
No valid image found: /home/UNT/cl1179/code/RULE/data/ICEWS/icews_wiki/images/pic_ent_ids_2/23959
No valid image found: /home/UNT/cl1179/code/RULE/data/ICEWS/icews_wiki/images/pic_ent_ids_2/24003
No valid image found: /home/UNT/cl1179/code/RULE/data/ICEWS/icews_wiki/images/pic_ent_ids_2/24007
No valid image found: /home/UNT/cl1179/code/RULE/data/ICEWS/icews_wiki/images/pic_ent_ids_2/24009
No valid image found: /home/UNT/cl1179/code/RULE/data/ICEWS/icews_wiki/images/pic_ent_ids_2/24018
No valid image found: /home/UNT/cl1179/code/RULE/data/ICEWS/icews_wiki/images/pic_ent_ids_2/24094
No valid image found: /home/UNT/cl1179/code/RULE/data/ICEWS/icews_wiki/images/pic_ent_ids_2/24120
No valid image found: /home/UNT/cl1179/code/RULE/data/ICEWS/icews_wiki/images/pic_ent_ids_2/24123
No valid image found: /home/UNT/cl1179/code/RULE/data/ICEWS/icews_wiki/images/pic_ent_ids_2/24177
No valid image found: /home/UNT/cl1179/code/RULE/data/ICEWS/icews_wiki/images/pic_ent_ids_2/24229
No valid image found: /home/UNT/cl1179/code/RULE/data/ICEWS/icews_wiki/images/pic_ent_ids_2/24245
No valid image found: /home/UNT/cl1179/code/RULE/data/ICEWS/icews_wiki/images/pic_ent_ids_2/24313
No valid image found: /home/UNT/cl1179/code/RULE/data/ICEWS/icews_wiki/images/pic_ent_ids_2/24329
No valid image found: /home/UNT/cl1179/code/RULE/data/ICEWS/icews_wiki/images/pic_ent_ids_2/24376
No valid image found: /home/UNT/cl1179/code/RULE/data/ICEWS/icews_wiki/images/pic_ent_ids_2/24377
No valid image found: /home/UNT/cl1179/code/RULE/data/ICEWS/icews_wiki/images/pic_ent_ids_2/24499
No valid image found: /home/UNT/cl1179/code/RULE/data/ICEWS/icews_wiki/images/pic_ent_ids_2/24509
No valid image found: /home/UNT/cl1179/code/RULE/data/ICEWS/icews_wiki/images/pic_ent_ids_2/24555
No valid image found: /home/UNT/cl1179/code/RULE/data/ICEWS/icews_wiki/images/pic_ent_ids_2/24634
No valid image found: /home/UNT/cl1179/code/RULE/data/ICEWS/icews_wiki/images/pic_ent_ids_2/24713
No valid image found: /home/UNT/cl1179/code/RULE/data/ICEWS/icews_wiki/images/pic_ent_ids_2/24723
No valid image found: /home/UNT/cl1179/code/RULE/data/ICEWS/icews_wiki/images/pic_ent_ids_2/24813
No valid image found: /home/UNT/cl1179/code/RULE/data/ICEWS/icews_wiki/images/pic_ent_ids_2/24979
No valid image found: /home/UNT/cl1179/code/RULE/data/ICEWS/icews_wiki/images/pic_ent_ids_2/24983
No valid image found: /home/UNT/cl1179/code/RULE/data/ICEWS/icews_wiki/images/pic_ent_ids_2/25026
No valid image found: /home/UNT/cl1179/code/RULE/data/ICEWS/icews_wiki/images/pic_ent_ids_2/25116
No valid image found: /home/UNT/cl1179/code/RULE/data/ICEWS/icews_wiki/images/pic_ent_ids_2/25129
No valid image found: /home/UNT/cl1179/code/RULE/data/ICEWS/icews_wiki/images/pic_ent_ids_2/25166
No valid image found: /home/UNT/cl1179/code/RULE/data/ICEWS/icews_wiki/images/pic_ent_ids_2/25225
No valid image found: /home/UNT/cl1179/code/RULE/data/ICEWS/icews_wiki/images/pic_ent_ids_2/25261
No valid image found: /home/UNT/cl1179/code/RULE/data/ICEWS/icews_wiki/images/pic_ent_ids_2/25269
No valid image found: /home/UNT/cl1179/code/RULE/data/ICEWS/icews_wiki/images/pic_ent_ids_2/25325
No valid image found: /home/UNT/cl1179/code/RULE/data/ICEWS/icews_wiki/images/pic_ent_ids_2/25327
No valid image found: /home/UNT/cl1179/code/RULE/data/ICEWS/icews_wiki/images/pic_ent_ids_2/25340
No valid image found: /home/UNT/cl1179/code/RULE/data/ICEWS/icews_wiki/images/pic_ent_ids_2/25349
No valid image found: /home/UNT/cl1179/code/RULE/data/ICEWS/icews_wiki/images/pic_ent_ids_2/25389
No valid image found: /home/UNT/cl1179/code/RULE/data/ICEWS/icews_wiki/images/pic_ent_ids_2/25395
No valid image found: /home/UNT/cl1179/code/RULE/data/ICEWS/icews_wiki/images/pic_ent_ids_2/25431
No valid image found: /home/UNT/cl1179/code/RULE/data/ICEWS/icews_wiki/images/pic_ent_ids_2/25432
No valid image found: /home/UNT/cl1179/code/RULE/data/ICEWS/icews_wiki/images/pic_ent_ids_2/25465
No valid image found: /home/UNT/cl1179/code/RULE/data/ICEWS/icews_wiki/images/pic_ent_ids_2/25485
No valid image found: /home/UNT/cl1179/code/RULE/data/ICEWS/icews_wiki/images/pic_ent_ids_2/25538
No valid image found: /home/UNT/cl1179/code/RULE/data/ICEWS/icews_wiki/images/pic_ent_ids_2/25550
No valid image found: /home/UNT/cl1179/code/RULE/data/ICEWS/icews_wiki/images/pic_ent_ids_2/25575
No valid image found: /home/UNT/cl1179/code/RULE/data/ICEWS/icews_wiki/images/pic_ent_ids_2/25596
No valid image found: /home/UNT/cl1179/code/RULE/data/ICEWS/icews_wiki/images/pic_ent_ids_2/25597
No valid image found: /home/UNT/cl1179/code/RULE/data/ICEWS/icews_wiki/images/pic_ent_ids_2/25600
No valid image found: /home/UNT/cl1179/code/RULE/data/ICEWS/icews_wiki/images/pic_ent_ids_2/25616
No valid image found: /home/UNT/cl1179/code/RULE/data/ICEWS/icews_wiki/images/pic_ent_ids_2/25623
No valid image found: /home/UNT/cl1179/code/RULE/data/ICEWS/icews_wiki/images/pic_ent_ids_2/25683
No valid image found: /home/UNT/cl1179/code/RULE/data/ICEWS/icews_wiki/images/pic_ent_ids_2/25753
No valid image found: /home/UNT/cl1179/code/RULE/data/ICEWS/icews_wiki/images/pic_ent_ids_2/25846
No valid image found: /home/UNT/cl1179/code/RULE/data/ICEWS/icews_wiki/images/pic_ent_ids_2/25913
No valid image found: /home/UNT/cl1179/code/RULE/data/ICEWS/icews_wiki/images/pic_ent_ids_2/25963
No valid image found: /home/UNT/cl1179/code/RULE/data/ICEWS/icews_wiki/images/pic_ent_ids_2/25964
No valid image found: /home/UNT/cl1179/code/RULE/data/ICEWS/icews_wiki/images/pic_ent_ids_2/25968
No valid image found: /home/UNT/cl1179/code/RULE/data/ICEWS/icews_wiki/images/pic_ent_ids_2/25974
No valid image found: /home/UNT/cl1179/code/RULE/data/ICEWS/icews_wiki/images/pic_ent_ids_2/25982
No valid image found: /home/UNT/cl1179/code/RULE/data/ICEWS/icews_wiki/images/pic_ent_ids_2/26006
No valid image found: /home/UNT/cl1179/code/RULE/data/ICEWS/icews_wiki/images/pic_ent_ids_2/26035
No valid image found: /home/UNT/cl1179/code/RULE/data/ICEWS/icews_wiki/images/pic_ent_ids_2/26037
No valid image found: /home/UNT/cl1179/code/RULE/data/ICEWS/icews_wiki/images/pic_ent_ids_2/26143
No valid image found: /home/UNT/cl1179/code/RULE/data/ICEWS/icews_wiki/images/pic_ent_ids_2/26206
No valid image found: /home/UNT/cl1179/code/RULE/data/ICEWS/icews_wiki/images/pic_ent_ids_2/26220
No valid image found: /home/UNT/cl1179/code/RULE/data/ICEWS/icews_wiki/images/pic_ent_ids_2/26318
No valid image found: /home/UNT/cl1179/code/RULE/data/ICEWS/icews_wiki/images/pic_ent_ids_2/26341
No valid image found: /home/UNT/cl1179/code/RULE/data/ICEWS/icews_wiki/images/pic_ent_ids_2/26371
No valid image found: /home/UNT/cl1179/code/RULE/data/ICEWS/icews_wiki/images/pic_ent_ids_2/26382
No valid image found: /home/UNT/cl1179/code/RULE/data/ICEWS/icews_wiki/images/pic_ent_ids_2/26448
No valid image found: /home/UNT/cl1179/code/RULE/data/ICEWS/icews_wiki/images/pic_ent_ids_2/26650
No valid image found: /home/UNT/cl1179/code/RULE/data/ICEWS/icews_wiki/images/pic_ent_ids_2/26677
No valid image found: /home/UNT/cl1179/code/RULE/data/ICEWS/icews_wiki/images/pic_ent_ids_2/26803
No valid image found: /home/UNT/cl1179/code/RULE/data/ICEWS/icews_wiki/images/pic_ent_ids_2/26819
No valid image found: /home/UNT/cl1179/code/RULE/data/ICEWS/icews_wiki/images/pic_ent_ids_2/26850
No valid image found: /home/UNT/cl1179/code/RULE/data/ICEWS/icews_wiki/images/pic_ent_ids_2/26868
No valid image found: /home/UNT/cl1179/code/RULE/data/ICEWS/icews_wiki/images/pic_ent_ids_2/26873
No valid image found: /home/UNT/cl1179/code/RULE/data/ICEWS/icews_wiki/images/pic_ent_ids_2/26874
No valid image found: /home/UNT/cl1179/code/RULE/data/ICEWS/icews_wiki/images/pic_ent_ids_2/26891
Dataset: icews_wiki
ent_ids_1: 11047
ent_ids_2: 15896
Entities with images: 26559
Missing entities: 384
Saved to: /home/UNT/cl1179/code/RULE/data/ICEWS/icews_wiki/ent_img_mapping.json
