No valid image found: /home/UNT/cl1179/code/RULE/data/ICEWS/icews_yago/images/pic_ent_ids_2/28638
No valid image found: /home/UNT/cl1179/code/RULE/data/ICEWS/icews_yago/images/pic_ent_ids_2/29373
No valid image found: /home/UNT/cl1179/code/RULE/data/ICEWS/icews_yago/images/pic_ent_ids_2/29869
No valid image found: /home/UNT/cl1179/code/RULE/data/ICEWS/icews_yago/images/pic_ent_ids_2/29883
No valid image found: /home/UNT/cl1179/code/RULE/data/ICEWS/icews_yago/images/pic_ent_ids_2/30072
No valid image found: /home/UNT/cl1179/code/RULE/data/ICEWS/icews_yago/images/pic_ent_ids_2/32736
No valid image found: /home/UNT/cl1179/code/RULE/data/ICEWS/icews_yago/images/pic_ent_ids_2/33214
No valid image found: /home/UNT/cl1179/code/RULE/data/ICEWS/icews_yago/images/pic_ent_ids_2/33284
No valid image found: /home/UNT/cl1179/code/RULE/data/ICEWS/icews_yago/images/pic_ent_ids_2/33539
No valid image found: /home/UNT/cl1179/code/RULE/data/ICEWS/icews_yago/images/pic_ent_ids_2/33714
No valid image found: /home/UNT/cl1179/code/RULE/data/ICEWS/icews_yago/images/pic_ent_ids_2/33807
No valid image found: /home/UNT/cl1179/code/RULE/data/ICEWS/icews_yago/images/pic_ent_ids_2/34218
No valid image found: /home/UNT/cl1179/code/RULE/data/ICEWS/icews_yago/images/pic_ent_ids_2/34828
No valid image found: /home/UNT/cl1179/code/RULE/data/ICEWS/icews_yago/images/pic_ent_ids_2/35164
No valid image found: /home/UNT/cl1179/code/RULE/data/ICEWS/icews_yago/images/pic_ent_ids_2/35662
No valid image found: /home/UNT/cl1179/code/RULE/data/ICEWS/icews_yago/images/pic_ent_ids_2/35921
No valid image found: /home/UNT/cl1179/code/RULE/data/ICEWS/icews_yago/images/pic_ent_ids_2/36135
No valid image found: /home/UNT/cl1179/code/RULE/data/ICEWS/icews_yago/images/pic_ent_ids_2/36280
No valid image found: /home/UNT/cl1179/code/RULE/data/ICEWS/icews_yago/images/pic_ent_ids_2/37392
No valid image found: /home/UNT/cl1179/code/RULE/data/ICEWS/icews_yago/images/pic_ent_ids_2/37677
No valid image found: /home/UNT/cl1179/code/RULE/data/ICEWS/icews_yago/images/pic_ent_ids_2/39326
No valid image found: /home/UNT/cl1179/code/RULE/data/ICEWS/icews_yago/images/pic_ent_ids_2/39736
No valid image found: /home/UNT/cl1179/code/RULE/data/ICEWS/icews_yago/images/pic_ent_ids_2/39835
No valid image found: /home/UNT/cl1179/code/RULE/data/ICEWS/icews_yago/images/pic_ent_ids_2/40841
No valid image found: /home/UNT/cl1179/code/RULE/data/ICEWS/icews_yago/images/pic_ent_ids_2/42281
No valid image found: /home/UNT/cl1179/code/RULE/data/ICEWS/icews_yago/images/pic_ent_ids_2/42388
No valid image found: /home/UNT/cl1179/code/RULE/data/ICEWS/icews_yago/images/pic_ent_ids_2/42809
No valid image found: /home/UNT/cl1179/code/RULE/data/ICEWS/icews_yago/images/pic_ent_ids_2/43678
No valid image found: /home/UNT/cl1179/code/RULE/data/ICEWS/icews_yago/images/pic_ent_ids_2/45799
No valid image found: /home/UNT/cl1179/code/RULE/data/ICEWS/icews_yago/images/pic_ent_ids_2/45847
No valid image found: /home/UNT/cl1179/code/RULE/data/ICEWS/icews_yago/images/pic_ent_ids_2/45931
No valid image found: /home/UNT/cl1179/code/RULE/data/ICEWS/icews_yago/images/pic_ent_ids_2/48292
No valid image found: /home/UNT/cl1179/code/RULE/data/ICEWS/icews_yago/images/pic_ent_ids_2/48506
No valid image found: /home/UNT/cl1179/code/RULE/data/ICEWS/icews_yago/images/pic_ent_ids_2/48644
No valid image found: /home/UNT/cl1179/code/RULE/data/ICEWS/icews_yago/images/pic_ent_ids_2/48994
Dataset: icews_yago
ent_ids_1: 26863
ent_ids_2: 22734
Entities with images: 49562
Missing entities: 35
Saved to: /home/UNT/cl1179/code/RULE/data/ICEWS/icews_yago/ent_img_mapping.json
