/home/UNT/cl1179/miniconda3/envs/mmea/lib/python3.10/site-packages/PIL/Image.py:1137: UserWarning: Palette images with Transparency expressed in bytes should be converted to RGBA images
  warnings.warn(
Processed 100 entities.
Processed 200 entities.
Processed 300 entities.
Processed 400 entities.
Processed 500 entities.
Processed 600 entities.
Processed 700 entities.
Processed 800 entities.
Processed 900 entities.
Processed 1000 entities.
Processed 1100 entities.
Processed 1200 entities.
Processed 1300 entities.
Processed 1400 entities.
Processed 1500 entities.
Processed 1600 entities.
Processed 1700 entities.
Processed 1800 entities.
Processed 1900 entities.
Processed 2000 entities.
Processed 2100 entities.
Processed 2200 entities.
Processed 2300 entities.
Processed 2400 entities.
Processed 2500 entities.
Processed 2600 entities.
Processed 2700 entities.
Processed 2800 entities.
Processed 2900 entities.
Processed 3000 entities.
Processed 3100 entities.
Processed 3200 entities.
Processed 3300 entities.
Processed 3400 entities.
Processed 3500 entities.
Processed 3600 entities.
Processed 3700 entities.
Processed 3800 entities.
Processed 3900 entities.
Processed 4000 entities.
Processed 4100 entities.
Processed 4200 entities.
Processed 4300 entities.
Processed 4400 entities.
Processed 4500 entities.
Processed 4600 entities.
Processed 4700 entities.
Processed 4800 entities.
Processed 4900 entities.
Processed 5000 entities.
Processed 5100 entities.
Processed 5200 entities.
Processed 5300 entities.
Processed 5400 entities.
Processed 5500 entities.
Processed 5600 entities.
Processed 5700 entities.
Processed 5800 entities.
Processed 5900 entities.
Processed 6000 entities.
Processed 6100 entities.
Processed 6200 entities.
Processed 6300 entities.
Processed 6400 entities.
Processed 6500 entities.
Processed 6600 entities.
Processed 6700 entities.
Processed 6800 entities.
Processed 6900 entities.
Processed 7000 entities.
Processed 7100 entities.
Processed 7200 entities.
Processed 7300 entities.
Processed 7400 entities.
Processed 7500 entities.
Processed 7600 entities.
Processed 7700 entities.
Processed 7800 entities.
Processed 7900 entities.
Processed 8000 entities.
Processed 8100 entities.
Processed 8200 entities.
Processed 8300 entities.
Processed 8400 entities.
Processed 8500 entities.
Processed 8600 entities.
Processed 8700 entities.
Processed 8800 entities.
Processed 8900 entities.
Processed 9000 entities.
Processed 9100 entities.
Processed 9200 entities.
Processed 9300 entities.
Processed 9400 entities.
Processed 9500 entities.
Processed 9600 entities.
Processed 9700 entities.
Processed 9800 entities.
Processed 9900 entities.
Processed 10000 entities.
Processed 10100 entities.
Processed 10200 entities.
Processed 10300 entities.
Processed 10400 entities.
Processed 10500 entities.
Processed 10600 entities.
Processed 10700 entities.
Processed 10800 entities.
Processed 10900 entities.
Processed 11000 entities.
Processed 11100 entities.
Image 3 not found for entity: 11102
Image 3 not found for entity: 11157
Image 3 not found for entity: 11160
Image 3 not found for entity: 11186
Processed 11200 entities.
Image 3 not found for entity: 11211
Image 3 not found for entity: 11217
Image 3 not found for entity: 11280
Image 3 not found for entity: 11284
Image 3 not found for entity: 11297
Processed 11300 entities.
Image 3 not found for entity: 11365
Image 3 not found for entity: 11372
Image 3 not found for entity: 11376
Image 3 not found for entity: 11393
Image 3 not found for entity: 11403
Processed 11400 entities.
Image 3 not found for entity: 11424
Image 3 not found for entity: 11436
Image 3 not found for entity: 11448
Image 3 not found for entity: 11515
Image 3 not found for entity: 11516
Processed 11500 entities.
Processed 11600 entities.
Image 3 not found for entity: 11727
Processed 11700 entities.
Image 3 not found for entity: 11826
Image 3 not found for entity: 11832
Processed 11800 entities.
Image 3 not found for entity: 11854
Image 3 not found for entity: 11878
Image 3 not found for entity: 11883
Image 3 not found for entity: 11888
Image 3 not found for entity: 11889
Image 3 not found for entity: 11892
Image 3 not found for entity: 11914
Processed 11900 entities.
Image 3 not found for entity: 11987
Processed 12000 entities.
Image 3 not found for entity: 12066
Image 3 not found for entity: 12095
Processed 12100 entities.
Image 3 not found for entity: 12174
Image 3 not found for entity: 12201
Image 3 not found for entity: 12202
Image 3 not found for entity: 12243
Processed 12200 entities.
Image 3 not found for entity: 12335
Image 3 not found for entity: 12359
Processed 12300 entities.
Image 3 not found for entity: 12391
Image 3 not found for entity: 12450
Image 3 not found for entity: 12459
Processed 12400 entities.
Image 3 not found for entity: 12537
Processed 12500 entities.
Processed 12600 entities.
Image 3 not found for entity: 12700
Image 3 not found for entity: 12773
Processed 12700 entities.
Image 3 not found for entity: 12859
Processed 12800 entities.
Image 3 not found for entity: 12905
Processed 12900 entities.
Image 3 not found for entity: 13008
Image 3 not found for entity: 13047
Image 3 not found for entity: 13060
Processed 13000 entities.
Image 3 not found for entity: 13172
Image 3 not found for entity: 13202
Processed 13100 entities.
Image 3 not found for entity: 13251
Image 3 not found for entity: 13300
Image 3 not found for entity: 13306
Processed 13200 entities.
Processed 13300 entities.
Image 3 not found for entity: 13454
Processed 13400 entities.
Image 3 not found for entity: 13551
Image 3 not found for entity: 13556
Image 3 not found for entity: 13571
Processed 13500 entities.
Processed 13600 entities.
Image 3 not found for entity: 13734
Image 3 not found for entity: 13815
Processed 13700 entities.
Processed 13800 entities.
Processed 13900 entities.
Processed 14000 entities.
Processed 14100 entities.
Image 3 not found for entity: 14257
Image 3 not found for entity: 14324
Processed 14200 entities.
Image 3 not found for entity: 14349
Image 3 not found for entity: 14364
Image 3 not found for entity: 14368
Processed 14300 entities.
Processed 14400 entities.
Image 3 not found for entity: 14619
Processed 14500 entities.
Processed 14600 entities.
Processed 14700 entities.
Image 3 not found for entity: 14917
Processed 14800 entities.
Image 3 not found for entity: 15002
Processed 14900 entities.
Processed 15000 entities.
Image 3 not found for entity: 15231
Processed 15100 entities.
Image 3 not found for entity: 15301
Processed 15200 entities.
Processed 15300 entities.
Processed 15400 entities.
Processed 15500 entities.
Image 3 not found for entity: 15732
Image 3 not found for entity: 15786
Image 3 not found for entity: 15790
Processed 15600 entities.
Image 3 not found for entity: 15889
Processed 15700 entities.
Image 3 not found for entity: 15931
Image 3 not found for entity: 15984
Processed 15800 entities.
Image 3 not found for entity: 16076
Processed 15900 entities.
Image 3 not found for entity: 16114
Image 3 not found for entity: 16172
Processed 16000 entities.
Processed 16100 entities.
Image 3 not found for entity: 16321
Image 3 not found for entity: 16362
Processed 16200 entities.
Processed 16300 entities.
Image 3 not found for entity: 16537
Image 3 not found for entity: 16595
Image 3 not found for entity: 16617
Processed 16400 entities.
Image 3 not found for entity: 16651
Image 3 not found for entity: 16654
Image 3 not found for entity: 16699
Processed 16500 entities.
Image 3 not found for entity: 16776
Processed 16600 entities.
Processed 16700 entities.
Processed 16800 entities.
Processed 16900 entities.
Processed 17000 entities.
Image 3 not found for entity: 17321
Processed 17100 entities.
Processed 17200 entities.
Processed 17300 entities.
Image 3 not found for entity: 17600
Processed 17400 entities.
Image 3 not found for entity: 17668
Image 3 not found for entity: 17712
Processed 17500 entities.
Image 3 not found for entity: 17768
Image 3 not found for entity: 17832
Processed 17600 entities.
Image 3 not found for entity: 17951
Processed 17700 entities.
Image 3 not found for entity: 18064
Processed 17800 entities.
Image 3 not found for entity: 18088
Image 3 not found for entity: 18116
Processed 17900 entities.
Image 3 not found for entity: 18272
Image 3 not found for entity: 18274
Processed 18000 entities.
Processed 18100 entities.
Processed 18200 entities.
Processed 18300 entities.
Processed 18400 entities.
Processed 18500 entities.
Processed 18600 entities.
Processed 18700 entities.
Processed 18800 entities.
Image 3 not found for entity: 19116
Processed 18900 entities.
Processed 19000 entities.
Image 3 not found for entity: 19394
Processed 19100 entities.
Processed 19200 entities.
Image 3 not found for entity: 19548
Processed 19300 entities.
Processed 19400 entities.
Processed 19500 entities.
Processed 19600 entities.
Image 3 not found for entity: 19919
Processed 19700 entities.
Processed 19800 entities.
Processed 19900 entities.
Processed 20000 entities.
Processed 20100 entities.
Processed 20200 entities.
Processed 20300 entities.
Processed 20400 entities.
Image 3 not found for entity: 20852
Processed 20500 entities.
Image 3 not found for entity: 20863
Processed 20600 entities.
Image 3 not found for entity: 21010
Processed 20700 entities.
Processed 20800 entities.
Processed 20900 entities.
Processed 21000 entities.
Processed 21100 entities.
Processed 21200 entities.
Processed 21300 entities.
Processed 21400 entities.
Processed 21500 entities.
Processed 21600 entities.
Processed 21700 entities.
Processed 21800 entities.
Processed 21900 entities.
Processed 22000 entities.
Image 3 not found for entity: 22441
Image 3 not found for entity: 22454
Processed 22100 entities.
Processed 22200 entities.
Processed 22300 entities.
Image 3 not found for entity: 22742
Processed 22400 entities.
Processed 22500 entities.
Image 3 not found for entity: 22943
Processed 22600 entities.
Processed 22700 entities.
Processed 22800 entities.
Processed 22900 entities.
Processed 23000 entities.
Processed 23100 entities.
Image 3 not found for entity: 23591
Processed 23200 entities.
Processed 23300 entities.
Processed 23400 entities.
Processed 23500 entities.
Image 3 not found for entity: 23936
Image 3 not found for entity: 24011
Processed 23600 entities.
Processed 23700 entities.
Processed 23800 entities.
Image 3 not found for entity: 24237
Processed 23900 entities.
Processed 24000 entities.
Image 3 not found for entity: 24480
Image 3 not found for entity: 24534
Processed 24100 entities.
Processed 24200 entities.
Processed 24300 entities.
Processed 24400 entities.
Image 3 not found for entity: 24878
Processed 24500 entities.
Processed 24600 entities.
Processed 24700 entities.
Processed 24800 entities.
Processed 24900 entities.
Image 3 not found for entity: 25444
Processed 25000 entities.
Processed 25100 entities.
Image 3 not found for entity: 25591
Processed 25200 entities.
Processed 25300 entities.
Processed 25400 entities.
Processed 25500 entities.
Processed 25600 entities.
Processed 25700 entities.
Processed 25800 entities.
Processed 25900 entities.
Image 3 not found for entity: 26402
Image 3 not found for entity: 26469
Processed 26000 entities.
Processed 26100 entities.
Image 3 not found for entity: 26632
Processed 26200 entities.
Processed 26300 entities.
Processed 26400 entities.
Complete. Total: 26436. Saved to ./data/pkls/ICEWS/icews_wiki/img_feature_global_3.pkl
