/home/UNT/cl1179/miniconda3/envs/mmea/lib/python3.10/site-packages/PIL/Image.py:1137: UserWarning: Palette images with Transparency expressed in bytes should be converted to RGBA images
  warnings.warn(
Processed 100 entities.
Processed 200 entities.
Processed 300 entities.
Processed 400 entities.
Processed 500 entities.
Processed 600 entities.
Processed 700 entities.
Processed 800 entities.
Processed 900 entities.
Processed 1000 entities.
Processed 1100 entities.
Processed 1200 entities.
Processed 1300 entities.
Processed 1400 entities.
Processed 1500 entities.
Processed 1600 entities.
Processed 1700 entities.
Processed 1800 entities.
Processed 1900 entities.
Processed 2000 entities.
Processed 2100 entities.
Processed 2200 entities.
Processed 2300 entities.
Processed 2400 entities.
Processed 2500 entities.
Processed 2600 entities.
Processed 2700 entities.
Processed 2800 entities.
Processed 2900 entities.
Processed 3000 entities.
Processed 3100 entities.
Processed 3200 entities.
Processed 3300 entities.
Processed 3400 entities.
Processed 3500 entities.
Processed 3600 entities.
Processed 3700 entities.
Processed 3800 entities.
Processed 3900 entities.
Processed 4000 entities.
Processed 4100 entities.
Processed 4200 entities.
Processed 4300 entities.
Processed 4400 entities.
Processed 4500 entities.
Processed 4600 entities.
Processed 4700 entities.
Processed 4800 entities.
Processed 4900 entities.
Processed 5000 entities.
Processed 5100 entities.
Processed 5200 entities.
Processed 5300 entities.
Processed 5400 entities.
Processed 5500 entities.
Processed 5600 entities.
Processed 5700 entities.
Processed 5800 entities.
Processed 5900 entities.
Processed 6000 entities.
Processed 6100 entities.
Processed 6200 entities.
Processed 6300 entities.
Processed 6400 entities.
Processed 6500 entities.
Processed 6600 entities.
Processed 6700 entities.
Processed 6800 entities.
Processed 6900 entities.
Processed 7000 entities.
Processed 7100 entities.
Processed 7200 entities.
Processed 7300 entities.
Processed 7400 entities.
Processed 7500 entities.
Processed 7600 entities.
Processed 7700 entities.
Processed 7800 entities.
Processed 7900 entities.
Processed 8000 entities.
Processed 8100 entities.
Processed 8200 entities.
Processed 8300 entities.
Processed 8400 entities.
Processed 8500 entities.
Processed 8600 entities.
Processed 8700 entities.
Processed 8800 entities.
Processed 8900 entities.
Processed 9000 entities.
Processed 9100 entities.
Processed 9200 entities.
Processed 9300 entities.
Processed 9400 entities.
Processed 9500 entities.
Processed 9600 entities.
Processed 9700 entities.
Processed 9800 entities.
Processed 9900 entities.
Processed 10000 entities.
Processed 10100 entities.
Processed 10200 entities.
Processed 10300 entities.
Processed 10400 entities.
Processed 10500 entities.
Processed 10600 entities.
Processed 10700 entities.
Processed 10800 entities.
Processed 10900 entities.
Processed 11000 entities.
Processed 11100 entities.
Processed 11200 entities.
Processed 11300 entities.
Processed 11400 entities.
Processed 11500 entities.
Processed 11600 entities.
Processed 11700 entities.
Processed 11800 entities.
Processed 11900 entities.
Processed 12000 entities.
Processed 12100 entities.
Processed 12200 entities.
Processed 12300 entities.
Processed 12400 entities.
Processed 12500 entities.
Processed 12600 entities.
Processed 12700 entities.
Processed 12800 entities.
Processed 12900 entities.
Processed 13000 entities.
Processed 13100 entities.
Processed 13200 entities.
Processed 13300 entities.
Processed 13400 entities.
Processed 13500 entities.
Processed 13600 entities.
Processed 13700 entities.
Processed 13800 entities.
Processed 13900 entities.
Processed 14000 entities.
Processed 14100 entities.
Processed 14200 entities.
Processed 14300 entities.
Processed 14400 entities.
Processed 14500 entities.
Processed 14600 entities.
Processed 14700 entities.
Processed 14800 entities.
Processed 14900 entities.
Processed 15000 entities.
Processed 15100 entities.
Processed 15200 entities.
Processed 15300 entities.
Processed 15400 entities.
Processed 15500 entities.
Processed 15600 entities.
Processed 15700 entities.
Processed 15800 entities.
Processed 15900 entities.
Processed 16000 entities.
Processed 16100 entities.
Processed 16200 entities.
Processed 16300 entities.
Processed 16400 entities.
Processed 16500 entities.
Processed 16600 entities.
Processed 16700 entities.
Processed 16800 entities.
Processed 16900 entities.
Processed 17000 entities.
Processed 17100 entities.
Processed 17200 entities.
Processed 17300 entities.
Processed 17400 entities.
Processed 17500 entities.
Processed 17600 entities.
Processed 17700 entities.
Processed 17800 entities.
Processed 17900 entities.
Processed 18000 entities.
Processed 18100 entities.
Processed 18200 entities.
Processed 18300 entities.
Processed 18400 entities.
Processed 18500 entities.
Processed 18600 entities.
Processed 18700 entities.
Processed 18800 entities.
Processed 18900 entities.
Processed 19000 entities.
Processed 19100 entities.
Processed 19200 entities.
Processed 19300 entities.
Processed 19400 entities.
Processed 19500 entities.
Processed 19600 entities.
Processed 19700 entities.
Processed 19800 entities.
Processed 19900 entities.
Processed 20000 entities.
Processed 20100 entities.
Processed 20200 entities.
Processed 20300 entities.
Processed 20400 entities.
Processed 20500 entities.
Processed 20600 entities.
Processed 20700 entities.
Processed 20800 entities.
Processed 20900 entities.
Processed 21000 entities.
Processed 21100 entities.
Processed 21200 entities.
Processed 21300 entities.
Processed 21400 entities.
Processed 21500 entities.
Processed 21600 entities.
Processed 21700 entities.
Processed 21800 entities.
Processed 21900 entities.
Processed 22000 entities.
Processed 22100 entities.
Processed 22200 entities.
Processed 22300 entities.
Processed 22400 entities.
Processed 22500 entities.
Processed 22600 entities.
Processed 22700 entities.
Processed 22800 entities.
Processed 22900 entities.
Processed 23000 entities.
Processed 23100 entities.
Processed 23200 entities.
Processed 23300 entities.
Processed 23400 entities.
Processed 23500 entities.
Processed 23600 entities.
Processed 23700 entities.
Processed 23800 entities.
Processed 23900 entities.
Processed 24000 entities.
Processed 24100 entities.
Processed 24200 entities.
Processed 24300 entities.
Processed 24400 entities.
Processed 24500 entities.
Processed 24600 entities.
Processed 24700 entities.
Processed 24800 entities.
Processed 24900 entities.
Processed 25000 entities.
Processed 25100 entities.
Processed 25200 entities.
Processed 25300 entities.
Processed 25400 entities.
Processed 25500 entities.
Processed 25600 entities.
Processed 25700 entities.
Processed 25800 entities.
Processed 25900 entities.
Processed 26000 entities.
Processed 26100 entities.
Processed 26200 entities.
Processed 26300 entities.
Processed 26400 entities.
Processed 26500 entities.
Processed 26600 entities.
Processed 26700 entities.
Processed 26800 entities.
Processed 26900 entities.
Processed 27000 entities.
Processed 27100 entities.
Processed 27200 entities.
Processed 27300 entities.
Processed 27400 entities.
Processed 27500 entities.
Processed 27600 entities.
Processed 27700 entities.
Processed 27800 entities.
Processed 27900 entities.
Processed 28000 entities.
Processed 28100 entities.
Processed 28200 entities.
Processed 28300 entities.
Processed 28400 entities.
Processed 28500 entities.
Processed 28600 entities.
Processed 28700 entities.
Processed 28800 entities.
Processed 28900 entities.
Processed 29000 entities.
Processed 29100 entities.
Processed 29200 entities.
Processed 29300 entities.
Processed 29400 entities.
Processed 29500 entities.
Processed 29600 entities.
Processed 29700 entities.
Processed 29800 entities.
Processed 29900 entities.
Processed 30000 entities.
Processed 30100 entities.
Processed 30200 entities.
Processed 30300 entities.
Processed 30400 entities.
Processed 30500 entities.
Processed 30600 entities.
Processed 30700 entities.
Processed 30800 entities.
Processed 30900 entities.
Processed 31000 entities.
Processed 31100 entities.
Processed 31200 entities.
Processed 31300 entities.
Processed 31400 entities.
Processed 31500 entities.
Processed 31600 entities.
Processed 31700 entities.
Processed 31800 entities.
Processed 31900 entities.
Processed 32000 entities.
Processed 32100 entities.
Processed 32200 entities.
Processed 32300 entities.
Processed 32400 entities.
Processed 32500 entities.
Processed 32600 entities.
Processed 32700 entities.
Processed 32800 entities.
Processed 32900 entities.
Processed 33000 entities.
Processed 33100 entities.
Processed 33200 entities.
Processed 33300 entities.
Processed 33400 entities.
Processed 33500 entities.
Processed 33600 entities.
Processed 33700 entities.
Processed 33800 entities.
Processed 33900 entities.
Processed 34000 entities.
Processed 34100 entities.
Processed 34200 entities.
Processed 34300 entities.
Processed 34400 entities.
Processed 34500 entities.
Processed 34600 entities.
Processed 34700 entities.
Processed 34800 entities.
Processed 34900 entities.
Processed 35000 entities.
Processed 35100 entities.
Image 2 not found for entity: 35213
Processed 35200 entities.
Processed 35300 entities.
Processed 35400 entities.
Processed 35500 entities.
Processed 35600 entities.
Processed 35700 entities.
Processed 35800 entities.
Processed 35900 entities.
Processed 36000 entities.
Processed 36100 entities.
Processed 36200 entities.
Processed 36300 entities.
Processed 36400 entities.
Processed 36500 entities.
Processed 36600 entities.
Processed 36700 entities.
Processed 36800 entities.
Processed 36900 entities.
Processed 37000 entities.
Processed 37100 entities.
Processed 37200 entities.
Processed 37300 entities.
Processed 37400 entities.
Processed 37500 entities.
Processed 37600 entities.
Processed 37700 entities.
Processed 37800 entities.
Processed 37900 entities.
Processed 38000 entities.
Processed 38100 entities.
Processed 38200 entities.
Processed 38300 entities.
Processed 38400 entities.
Processed 38500 entities.
Processed 38600 entities.
Processed 38700 entities.
Processed 38800 entities.
Processed 38900 entities.
Processed 39000 entities.
Processed 39100 entities.
Processed 39200 entities.
Processed 39300 entities.
Processed 39400 entities.
Processed 39500 entities.
Processed 39600 entities.
Processed 39700 entities.
Processed 39800 entities.
Processed 39900 entities.
Processed 40000 entities.
Processed 40100 entities.
Processed 40200 entities.
Processed 40300 entities.
Processed 40400 entities.
Processed 40500 entities.
Processed 40600 entities.
Processed 40700 entities.
Processed 40800 entities.
Processed 40900 entities.
Processed 41000 entities.
Processed 41100 entities.
Processed 41200 entities.
Processed 41300 entities.
Processed 41400 entities.
Processed 41500 entities.
Processed 41600 entities.
Processed 41700 entities.
Processed 41800 entities.
Processed 41900 entities.
Processed 42000 entities.
Processed 42100 entities.
Processed 42200 entities.
Processed 42300 entities.
Processed 42400 entities.
Processed 42500 entities.
Processed 42600 entities.
Processed 42700 entities.
Processed 42800 entities.
Processed 42900 entities.
Processed 43000 entities.
Processed 43100 entities.
Processed 43200 entities.
Processed 43300 entities.
Processed 43400 entities.
Processed 43500 entities.
Processed 43600 entities.
Processed 43700 entities.
Processed 43800 entities.
Processed 43900 entities.
Processed 44000 entities.
Processed 44100 entities.
Processed 44200 entities.
Processed 44300 entities.
Processed 44400 entities.
Processed 44500 entities.
Processed 44600 entities.
Processed 44700 entities.
Processed 44800 entities.
Processed 44900 entities.
Processed 45000 entities.
Processed 45100 entities.
Processed 45200 entities.
Processed 45300 entities.
Processed 45400 entities.
Processed 45500 entities.
Processed 45600 entities.
Processed 45700 entities.
Processed 45800 entities.
Processed 45900 entities.
Processed 46000 entities.
Processed 46100 entities.
Processed 46200 entities.
Processed 46300 entities.
Processed 46400 entities.
Processed 46500 entities.
Processed 46600 entities.
Processed 46700 entities.
Processed 46800 entities.
Processed 46900 entities.
Processed 47000 entities.
Processed 47100 entities.
Processed 47200 entities.
Processed 47300 entities.
Processed 47400 entities.
Processed 47500 entities.
Processed 47600 entities.
Processed 47700 entities.
Processed 47800 entities.
Processed 47900 entities.
Processed 48000 entities.
Processed 48100 entities.
Processed 48200 entities.
Processed 48300 entities.
Processed 48400 entities.
Processed 48500 entities.
Processed 48600 entities.
Processed 48700 entities.
Processed 48800 entities.
Processed 48900 entities.
Processed 49000 entities.
Processed 49100 entities.
Processed 49200 entities.
Processed 49300 entities.
Processed 49400 entities.
Processed 49500 entities.
Complete. Total: 49561. Saved to ./data/pkls/ICEWS/icews_yago/img_feature_global_2.pkl
