Processed 100 new entities. Saved 100/38960.
Processed 200 new entities. Saved 200/38960.
Processed 300 new entities. Saved 300/38960.
Processed 400 new entities. Saved 400/38960.
Processed 500 new entities. Saved 500/38960.
Processed 600 new entities. Saved 600/38960.
Processed 700 new entities. Saved 700/38960.
Processed 800 new entities. Saved 800/38960.
Processed 900 new entities. Saved 900/38960.
Processed 1000 new entities. Saved 1000/38960.
Processed 1100 new entities. Saved 1100/38960.
Processed 1200 new entities. Saved 1200/38960.
Processed 1300 new entities. Saved 1300/38960.
Processed 1400 new entities. Saved 1400/38960.
Processed 1500 new entities. Saved 1500/38960.
Processed 1600 new entities. Saved 1600/38960.
Processed 1700 new entities. Saved 1700/38960.
Processed 1800 new entities. Saved 1800/38960.
Processed 1900 new entities. Saved 1900/38960.
Processed 2000 new entities. Saved 2000/38960.
Processed 2100 new entities. Saved 2100/38960.
Processed 2200 new entities. Saved 2200/38960.
Processed 2300 new entities. Saved 2300/38960.
Processed 2400 new entities. Saved 2400/38960.
Processed 2500 new entities. Saved 2500/38960.
Processed 2600 new entities. Saved 2600/38960.
Processed 2700 new entities. Saved 2700/38960.
Processed 2800 new entities. Saved 2800/38960.
Processed 2900 new entities. Saved 2900/38960.
Processed 3000 new entities. Saved 3000/38960.
Processed 3100 new entities. Saved 3100/38960.
Processed 3200 new entities. Saved 3200/38960.
Processed 3300 new entities. Saved 3300/38960.
Processed 3400 new entities. Saved 3400/38960.
Processed 3500 new entities. Saved 3500/38960.
Processed 3600 new entities. Saved 3600/38960.
Processed 3700 new entities. Saved 3700/38960.
Processed 3800 new entities. Saved 3800/38960.
Processed 3900 new entities. Saved 3900/38960.
Processed 4000 new entities. Saved 4000/38960.
Processed 4100 new entities. Saved 4100/38960.
Processed 4200 new entities. Saved 4200/38960.
Processed 4300 new entities. Saved 4300/38960.
Processed 4400 new entities. Saved 4400/38960.
Processed 4500 new entities. Saved 4500/38960.
Processed 4600 new entities. Saved 4600/38960.
Processed 4700 new entities. Saved 4700/38960.
Processed 4800 new entities. Saved 4800/38960.
Processed 4900 new entities. Saved 4900/38960.
Processed 5000 new entities. Saved 5000/38960.
Processed 5100 new entities. Saved 5100/38960.
Processed 5200 new entities. Saved 5200/38960.
Processed 5300 new entities. Saved 5300/38960.
Processed 5400 new entities. Saved 5400/38960.
Processed 5500 new entities. Saved 5500/38960.
Processed 5600 new entities. Saved 5600/38960.
Processed 5700 new entities. Saved 5700/38960.
Processed 5800 new entities. Saved 5800/38960.
Processed 5900 new entities. Saved 5900/38960.
Processed 6000 new entities. Saved 6000/38960.
Processed 6100 new entities. Saved 6100/38960.
Processed 6200 new entities. Saved 6200/38960.
Processed 6300 new entities. Saved 6300/38960.
Processed 6400 new entities. Saved 6400/38960.
Processed 6500 new entities. Saved 6500/38960.
Processed 6600 new entities. Saved 6600/38960.
Processed 6700 new entities. Saved 6700/38960.
Processed 6800 new entities. Saved 6800/38960.
Processed 6900 new entities. Saved 6900/38960.
Processed 7000 new entities. Saved 7000/38960.
Processed 7100 new entities. Saved 7100/38960.
Processed 7200 new entities. Saved 7200/38960.
Processed 7300 new entities. Saved 7300/38960.
Processed 7400 new entities. Saved 7400/38960.
Processed 7500 new entities. Saved 7500/38960.
Processed 7600 new entities. Saved 7600/38960.
Processed 7700 new entities. Saved 7700/38960.
Processed 7800 new entities. Saved 7800/38960.
Processed 7900 new entities. Saved 7900/38960.
Processed 8000 new entities. Saved 8000/38960.
Processed 8100 new entities. Saved 8100/38960.
Processed 8200 new entities. Saved 8200/38960.
Processed 8300 new entities. Saved 8300/38960.
Processed 8400 new entities. Saved 8400/38960.
Processed 8500 new entities. Saved 8500/38960.
Processed 8600 new entities. Saved 8600/38960.
Processed 8700 new entities. Saved 8700/38960.
Processed 8800 new entities. Saved 8800/38960.
Processed 8900 new entities. Saved 8900/38960.
Processed 9000 new entities. Saved 9000/38960.
Processed 9100 new entities. Saved 9100/38960.
Processed 9200 new entities. Saved 9200/38960.
Processed 9300 new entities. Saved 9300/38960.
Processed 9400 new entities. Saved 9400/38960.
Processed 9500 new entities. Saved 9500/38960.
Processed 9600 new entities. Saved 9600/38960.
Processed 9700 new entities. Saved 9700/38960.
Processed 9800 new entities. Saved 9800/38960.
Processed 9900 new entities. Saved 9900/38960.
Processed 10000 new entities. Saved 10000/38960.
Processed 10100 new entities. Saved 10100/38960.
Processed 10200 new entities. Saved 10200/38960.
Processed 10300 new entities. Saved 10300/38960.
Processed 10400 new entities. Saved 10400/38960.
Processed 10500 new entities. Saved 10500/38960.
Processed 10600 new entities. Saved 10600/38960.
Processed 10700 new entities. Saved 10700/38960.
Processed 10800 new entities. Saved 10800/38960.
Processed 10900 new entities. Saved 10900/38960.
Processed 11000 new entities. Saved 11000/38960.
Processed 11100 new entities. Saved 11100/38960.
Processed 11200 new entities. Saved 11200/38960.
Processed 11300 new entities. Saved 11300/38960.
Processed 11400 new entities. Saved 11400/38960.
Processed 11500 new entities. Saved 11500/38960.
Processed 11600 new entities. Saved 11600/38960.
Processed 11700 new entities. Saved 11700/38960.
Processed 11800 new entities. Saved 11800/38960.
Processed 11900 new entities. Saved 11900/38960.
Processed 12000 new entities. Saved 12000/38960.
Processed 12100 new entities. Saved 12100/38960.
Processed 12200 new entities. Saved 12200/38960.
Processed 12300 new entities. Saved 12300/38960.
Processed 12400 new entities. Saved 12400/38960.
Processed 12500 new entities. Saved 12500/38960.
Processed 12600 new entities. Saved 12600/38960.
Processed 12700 new entities. Saved 12700/38960.
Processed 12800 new entities. Saved 12800/38960.
Processed 12900 new entities. Saved 12900/38960.
Processed 13000 new entities. Saved 13000/38960.
Processed 13100 new entities. Saved 13100/38960.
Processed 13200 new entities. Saved 13200/38960.
Processed 13300 new entities. Saved 13300/38960.
Processed 13400 new entities. Saved 13400/38960.
Processed 13500 new entities. Saved 13500/38960.
Processed 13600 new entities. Saved 13600/38960.
Processed 13700 new entities. Saved 13700/38960.
Processed 13800 new entities. Saved 13800/38960.
Processed 13900 new entities. Saved 13900/38960.
Processed 14000 new entities. Saved 14000/38960.
Processed 14100 new entities. Saved 14100/38960.
Processed 14200 new entities. Saved 14200/38960.
Processed 14300 new entities. Saved 14300/38960.
Processed 14400 new entities. Saved 14400/38960.
Processed 14500 new entities. Saved 14500/38960.
Processed 14600 new entities. Saved 14600/38960.
Processed 14700 new entities. Saved 14700/38960.
Processed 14800 new entities. Saved 14800/38960.
Processed 14900 new entities. Saved 14900/38960.
Processed 15000 new entities. Saved 15000/38960.
Processed 15100 new entities. Saved 15100/38960.
Processed 15200 new entities. Saved 15200/38960.
Processed 15300 new entities. Saved 15300/38960.
Processed 15400 new entities. Saved 15400/38960.
Processed 15500 new entities. Saved 15500/38960.
Processed 15600 new entities. Saved 15600/38960.
Processed 15700 new entities. Saved 15700/38960.
Processed 15800 new entities. Saved 15800/38960.
Processed 15900 new entities. Saved 15900/38960.
Processed 16000 new entities. Saved 16000/38960.
Processed 16100 new entities. Saved 16100/38960.
Processed 16200 new entities. Saved 16200/38960.
Processed 16300 new entities. Saved 16300/38960.
Processed 16400 new entities. Saved 16400/38960.
Processed 16500 new entities. Saved 16500/38960.
Processed 16600 new entities. Saved 16600/38960.
Processed 16700 new entities. Saved 16700/38960.
Processed 16800 new entities. Saved 16800/38960.
Processed 16900 new entities. Saved 16900/38960.
Processed 17000 new entities. Saved 17000/38960.
Processed 17100 new entities. Saved 17100/38960.
Processed 17200 new entities. Saved 17200/38960.
Processed 17300 new entities. Saved 17300/38960.
Processed 17400 new entities. Saved 17400/38960.
Processed 17500 new entities. Saved 17500/38960.
Processed 17600 new entities. Saved 17600/38960.
Processed 17700 new entities. Saved 17700/38960.
Processed 17800 new entities. Saved 17800/38960.
Processed 17900 new entities. Saved 17900/38960.
Processed 18000 new entities. Saved 18000/38960.
Processed 18100 new entities. Saved 18100/38960.
Processed 18200 new entities. Saved 18200/38960.
Processed 18300 new entities. Saved 18300/38960.
Processed 18400 new entities. Saved 18400/38960.
Processed 18500 new entities. Saved 18500/38960.
Processed 18600 new entities. Saved 18600/38960.
Processed 18700 new entities. Saved 18700/38960.
Processed 18800 new entities. Saved 18800/38960.
Processed 18900 new entities. Saved 18900/38960.
Processed 19000 new entities. Saved 19000/38960.
Processed 19100 new entities. Saved 19100/38960.
Processed 19200 new entities. Saved 19200/38960.
Processed 19300 new entities. Saved 19300/38960.
Processed 19400 new entities. Saved 19400/38960.
Processed 19500 new entities. Saved 19500/38960.
Processed 19600 new entities. Saved 19600/38960.
Processed 19700 new entities. Saved 19700/38960.
Processed 19800 new entities. Saved 19800/38960.
Processed 19900 new entities. Saved 19900/38960.
Processed 20000 new entities. Saved 20000/38960.
Processed 20100 new entities. Saved 20100/38960.
Processed 20200 new entities. Saved 20200/38960.
Processed 20300 new entities. Saved 20300/38960.
Processed 20400 new entities. Saved 20400/38960.
Processed 20500 new entities. Saved 20500/38960.
Processed 20600 new entities. Saved 20600/38960.
Processed 20700 new entities. Saved 20700/38960.
Processed 20800 new entities. Saved 20800/38960.
Processed 20900 new entities. Saved 20900/38960.
Processed 21000 new entities. Saved 21000/38960.
Processed 21100 new entities. Saved 21100/38960.
Processed 21200 new entities. Saved 21200/38960.
Processed 21300 new entities. Saved 21300/38960.
Processed 21400 new entities. Saved 21400/38960.
Processed 21500 new entities. Saved 21500/38960.
Processed 21600 new entities. Saved 21600/38960.
Processed 21700 new entities. Saved 21700/38960.
Processed 21800 new entities. Saved 21800/38960.
Processed 21900 new entities. Saved 21900/38960.
Processed 22000 new entities. Saved 22000/38960.
Processed 22100 new entities. Saved 22100/38960.
Processed 22200 new entities. Saved 22200/38960.
Processed 22300 new entities. Saved 22300/38960.
Processed 22400 new entities. Saved 22400/38960.
Processed 22500 new entities. Saved 22500/38960.
Processed 22600 new entities. Saved 22600/38960.
Processed 22700 new entities. Saved 22700/38960.
Processed 22800 new entities. Saved 22800/38960.
Processed 22900 new entities. Saved 22900/38960.
Processed 23000 new entities. Saved 23000/38960.
Processed 23100 new entities. Saved 23100/38960.
Processed 23200 new entities. Saved 23200/38960.
Processed 23300 new entities. Saved 23300/38960.
Processed 23400 new entities. Saved 23400/38960.
Processed 23500 new entities. Saved 23500/38960.
Processed 23600 new entities. Saved 23600/38960.
Processed 23700 new entities. Saved 23700/38960.
Processed 23800 new entities. Saved 23800/38960.
Processed 23900 new entities. Saved 23900/38960.
Processed 24000 new entities. Saved 24000/38960.
Processed 24100 new entities. Saved 24100/38960.
Processed 24200 new entities. Saved 24200/38960.
Processed 24300 new entities. Saved 24300/38960.
Processed 24400 new entities. Saved 24400/38960.
Processed 24500 new entities. Saved 24500/38960.
Processed 24600 new entities. Saved 24600/38960.
Processed 24700 new entities. Saved 24700/38960.
Processed 24800 new entities. Saved 24800/38960.
Processed 24900 new entities. Saved 24900/38960.
Processed 25000 new entities. Saved 25000/38960.
Processed 25100 new entities. Saved 25100/38960.
Processed 25200 new entities. Saved 25200/38960.
Processed 25300 new entities. Saved 25300/38960.
Processed 25400 new entities. Saved 25400/38960.
Processed 25500 new entities. Saved 25500/38960.
Processed 25600 new entities. Saved 25600/38960.
Processed 25700 new entities. Saved 25700/38960.
Processed 25800 new entities. Saved 25800/38960.
Processed 25900 new entities. Saved 25900/38960.
Processed 26000 new entities. Saved 26000/38960.
Processed 26100 new entities. Saved 26100/38960.
Processed 26200 new entities. Saved 26200/38960.
Processed 26300 new entities. Saved 26300/38960.
Processed 26400 new entities. Saved 26400/38960.
Processed 26500 new entities. Saved 26500/38960.
Processed 26600 new entities. Saved 26600/38960.
Processed 26700 new entities. Saved 26700/38960.
Processed 26800 new entities. Saved 26800/38960.
Processed 26900 new entities. Saved 26900/38960.
Processed 27000 new entities. Saved 27000/38960.
Processed 27100 new entities. Saved 27100/38960.
Processed 27200 new entities. Saved 27200/38960.
Processed 27300 new entities. Saved 27300/38960.
Processed 27400 new entities. Saved 27400/38960.
Processed 27500 new entities. Saved 27500/38960.
Processed 27600 new entities. Saved 27600/38960.
Processed 27700 new entities. Saved 27700/38960.
Processed 27800 new entities. Saved 27800/38960.
Processed 27900 new entities. Saved 27900/38960.
Processed 28000 new entities. Saved 28000/38960.
Processed 28100 new entities. Saved 28100/38960.
Processed 28200 new entities. Saved 28200/38960.
Processed 28300 new entities. Saved 28300/38960.
Processed 28400 new entities. Saved 28400/38960.
Processed 28500 new entities. Saved 28500/38960.
Processed 28600 new entities. Saved 28600/38960.
Processed 28700 new entities. Saved 28700/38960.
Processed 28800 new entities. Saved 28800/38960.
Processed 28900 new entities. Saved 28900/38960.
Processed 29000 new entities. Saved 29000/38960.
Processed 29100 new entities. Saved 29100/38960.
Processed 29200 new entities. Saved 29200/38960.
Processed 29300 new entities. Saved 29300/38960.
Processed 29400 new entities. Saved 29400/38960.
Processed 29500 new entities. Saved 29500/38960.
Processed 29600 new entities. Saved 29600/38960.
Processed 29700 new entities. Saved 29700/38960.
Processed 29800 new entities. Saved 29800/38960.
Processed 29900 new entities. Saved 29900/38960.
Processed 30000 new entities. Saved 30000/38960.
Processed 30100 new entities. Saved 30100/38960.
Processed 30200 new entities. Saved 30200/38960.
Processed 30300 new entities. Saved 30300/38960.
Processed 30400 new entities. Saved 30400/38960.
Processed 30500 new entities. Saved 30500/38960.
Processed 30600 new entities. Saved 30600/38960.
Processed 30700 new entities. Saved 30700/38960.
Processed 30800 new entities. Saved 30800/38960.
Processed 30900 new entities. Saved 30900/38960.
Processed 31000 new entities. Saved 31000/38960.
Processed 31100 new entities. Saved 31100/38960.
Processed 31200 new entities. Saved 31200/38960.
Processed 31300 new entities. Saved 31300/38960.
Processed 31400 new entities. Saved 31400/38960.
Processed 31500 new entities. Saved 31500/38960.
Processed 31600 new entities. Saved 31600/38960.
Processed 31700 new entities. Saved 31700/38960.
Processed 31800 new entities. Saved 31800/38960.
Processed 31900 new entities. Saved 31900/38960.
Processed 32000 new entities. Saved 32000/38960.
Processed 32100 new entities. Saved 32100/38960.
Processed 32200 new entities. Saved 32200/38960.
Processed 32300 new entities. Saved 32300/38960.
Processed 32400 new entities. Saved 32400/38960.
Processed 32500 new entities. Saved 32500/38960.
Processed 32600 new entities. Saved 32600/38960.
Processed 32700 new entities. Saved 32700/38960.
Processed 32800 new entities. Saved 32800/38960.
Processed 32900 new entities. Saved 32900/38960.
Processed 33000 new entities. Saved 33000/38960.
Processed 33100 new entities. Saved 33100/38960.
Processed 33200 new entities. Saved 33200/38960.
Processed 33300 new entities. Saved 33300/38960.
Processed 33400 new entities. Saved 33400/38960.
Processed 33500 new entities. Saved 33500/38960.
Processed 33600 new entities. Saved 33600/38960.
Processed 33700 new entities. Saved 33700/38960.
Processed 33800 new entities. Saved 33800/38960.
Processed 33900 new entities. Saved 33900/38960.
Processed 34000 new entities. Saved 34000/38960.
Processed 34100 new entities. Saved 34100/38960.
Processed 34200 new entities. Saved 34200/38960.
Processed 34300 new entities. Saved 34300/38960.
Processed 34400 new entities. Saved 34400/38960.
Processed 34500 new entities. Saved 34500/38960.
Processed 34600 new entities. Saved 34600/38960.
Processed 34700 new entities. Saved 34700/38960.
Processed 34800 new entities. Saved 34800/38960.
Processed 34900 new entities. Saved 34900/38960.
Processed 35000 new entities. Saved 35000/38960.
Processed 35100 new entities. Saved 35100/38960.
Processed 35200 new entities. Saved 35200/38960.
Processed 35300 new entities. Saved 35300/38960.
Processed 35400 new entities. Saved 35400/38960.
Processed 35500 new entities. Saved 35500/38960.
Processed 35600 new entities. Saved 35600/38960.
Processed 35700 new entities. Saved 35700/38960.
Processed 35800 new entities. Saved 35800/38960.
Processed 35900 new entities. Saved 35900/38960.
Processed 36000 new entities. Saved 36000/38960.
Processed 36100 new entities. Saved 36100/38960.
Processed 36200 new entities. Saved 36200/38960.
Processed 36300 new entities. Saved 36300/38960.
Processed 36400 new entities. Saved 36400/38960.
Processed 36500 new entities. Saved 36500/38960.
Processed 36600 new entities. Saved 36600/38960.
Processed 36700 new entities. Saved 36700/38960.
Processed 36800 new entities. Saved 36800/38960.
Processed 36900 new entities. Saved 36900/38960.
Processed 37000 new entities. Saved 37000/38960.
Processed 37100 new entities. Saved 37100/38960.
Processed 37200 new entities. Saved 37200/38960.
Processed 37300 new entities. Saved 37300/38960.
Processed 37400 new entities. Saved 37400/38960.
Processed 37500 new entities. Saved 37500/38960.
Processed 37600 new entities. Saved 37600/38960.
Processed 37700 new entities. Saved 37700/38960.
Processed 37800 new entities. Saved 37800/38960.
Processed 37900 new entities. Saved 37900/38960.
Processed 38000 new entities. Saved 38000/38960.
Processed 38100 new entities. Saved 38100/38960.
Processed 38200 new entities. Saved 38200/38960.
Processed 38300 new entities. Saved 38300/38960.
Processed 38400 new entities. Saved 38400/38960.
Processed 38500 new entities. Saved 38500/38960.
Processed 38600 new entities. Saved 38600/38960.
Processed 38700 new entities. Saved 38700/38960.
Processed 38800 new entities. Saved 38800/38960.
Processed 38900 new entities. Saved 38900/38960.
Complete. Newly processed: 38960. Total saved: 38960.
Use surface: False
Final without-surface dim: 768
Saved to: ./data/pkls/DBP15K/zh_en/txt_feature_without_surface.pkl
